
Allocating common symbols
Common symbol       size              file

Dummy               0x4               C:\VScodeworkspace\04_SchedulerBase\04_SchedulerBase\WinIdeaProject\Debug\Main.o
SchM_Task_ID_Backup
                    0x1               C:\VScodeworkspace\04_SchedulerBase\04_SchedulerBase\WinIdeaProject\Debug\SchM.o
SchM_Task_ID_Activated
                    0x1               C:\VScodeworkspace\04_SchedulerBase\04_SchedulerBase\WinIdeaProject\Debug\SchM.o
Register            0x4               C:\VScodeworkspace\04_SchedulerBase\04_SchedulerBase\WinIdeaProject\Debug\Main.o
SchM_Counter        0x1               C:\VScodeworkspace\04_SchedulerBase\04_SchedulerBase\WinIdeaProject\Debug\SchM.o
SchM_Status         0x1               C:\VScodeworkspace\04_SchedulerBase\04_SchedulerBase\WinIdeaProject\Debug\SchM.o
SchM_Task_ID_Running
                    0x1               C:\VScodeworkspace\04_SchedulerBase\04_SchedulerBase\WinIdeaProject\Debug\SchM.o
RunningTaskPriority
                    0x4               C:\VScodeworkspace\04_SchedulerBase\04_SchedulerBase\WinIdeaProject\Debug\SchM.o
tarea               0x38              C:\VScodeworkspace\04_SchedulerBase\04_SchedulerBase\WinIdeaProject\Debug\SchM.o

Discarded input sections

 .group         0x00000000        0x8 C:\VScodeworkspace\04_SchedulerBase\04_SchedulerBase\WinIdeaProject\Debug\Main.o
 .group         0x00000000        0x8 C:\VScodeworkspace\04_SchedulerBase\04_SchedulerBase\WinIdeaProject\Debug\Main.o
 .group         0x00000000        0x8 C:\VScodeworkspace\04_SchedulerBase\04_SchedulerBase\WinIdeaProject\Debug\Main.o
 .group         0x00000000        0x8 C:\VScodeworkspace\04_SchedulerBase\04_SchedulerBase\WinIdeaProject\Debug\Main.o
 .group         0x00000000        0x8 C:\VScodeworkspace\04_SchedulerBase\04_SchedulerBase\WinIdeaProject\Debug\Main.o
 .group         0x00000000        0x8 C:\VScodeworkspace\04_SchedulerBase\04_SchedulerBase\WinIdeaProject\Debug\Main.o
 .group         0x00000000        0x8 C:\VScodeworkspace\04_SchedulerBase\04_SchedulerBase\WinIdeaProject\Debug\Main.o
 .group         0x00000000        0x8 C:\VScodeworkspace\04_SchedulerBase\04_SchedulerBase\WinIdeaProject\Debug\Main.o
 .group         0x00000000        0x8 C:\VScodeworkspace\04_SchedulerBase\04_SchedulerBase\WinIdeaProject\Debug\Main.o
 .group         0x00000000        0x8 C:\VScodeworkspace\04_SchedulerBase\04_SchedulerBase\WinIdeaProject\Debug\Main.o
 .group         0x00000000        0x8 C:\VScodeworkspace\04_SchedulerBase\04_SchedulerBase\WinIdeaProject\Debug\Main.o
 .group         0x00000000        0x8 C:\VScodeworkspace\04_SchedulerBase\04_SchedulerBase\WinIdeaProject\Debug\Main.o
 .group         0x00000000        0x8 C:\VScodeworkspace\04_SchedulerBase\04_SchedulerBase\WinIdeaProject\Debug\Main.o
 .group         0x00000000        0x8 C:\VScodeworkspace\04_SchedulerBase\04_SchedulerBase\WinIdeaProject\Debug\Main.o
 .group         0x00000000        0x8 C:\VScodeworkspace\04_SchedulerBase\04_SchedulerBase\WinIdeaProject\Debug\Main.o
 .group         0x00000000        0x8 C:\VScodeworkspace\04_SchedulerBase\04_SchedulerBase\WinIdeaProject\Debug\Main.o
 .group         0x00000000        0x8 C:\VScodeworkspace\04_SchedulerBase\04_SchedulerBase\WinIdeaProject\Debug\Main.o
 .group         0x00000000        0x8 C:\VScodeworkspace\04_SchedulerBase\04_SchedulerBase\WinIdeaProject\Debug\Main.o
 .group         0x00000000        0x8 C:\VScodeworkspace\04_SchedulerBase\04_SchedulerBase\WinIdeaProject\Debug\Main.o
 .group         0x00000000        0x8 C:\VScodeworkspace\04_SchedulerBase\04_SchedulerBase\WinIdeaProject\Debug\Main.o
 .group         0x00000000        0x8 C:\VScodeworkspace\04_SchedulerBase\04_SchedulerBase\WinIdeaProject\Debug\Main.o
 .group         0x00000000        0x8 C:\VScodeworkspace\04_SchedulerBase\04_SchedulerBase\WinIdeaProject\Debug\Main.o
 .group         0x00000000        0x8 C:\VScodeworkspace\04_SchedulerBase\04_SchedulerBase\WinIdeaProject\Debug\Main.o
 .group         0x00000000        0x8 C:\VScodeworkspace\04_SchedulerBase\04_SchedulerBase\WinIdeaProject\Debug\Main.o
 .group         0x00000000        0x8 C:\VScodeworkspace\04_SchedulerBase\04_SchedulerBase\WinIdeaProject\Debug\Main.o
 .group         0x00000000        0x8 C:\VScodeworkspace\04_SchedulerBase\04_SchedulerBase\WinIdeaProject\Debug\Main.o
 .group         0x00000000        0x8 C:\VScodeworkspace\04_SchedulerBase\04_SchedulerBase\WinIdeaProject\Debug\Main.o
 .group         0x00000000        0x8 C:\VScodeworkspace\04_SchedulerBase\04_SchedulerBase\WinIdeaProject\Debug\Main.o
 .group         0x00000000        0x8 C:\VScodeworkspace\04_SchedulerBase\04_SchedulerBase\WinIdeaProject\Debug\Main.o
 .data          0x00000000        0x0 C:\VScodeworkspace\04_SchedulerBase\04_SchedulerBase\WinIdeaProject\Debug\Main.o
 .group         0x00000000        0x8 C:\VScodeworkspace\04_SchedulerBase\04_SchedulerBase\WinIdeaProject\Debug\pio.o
 .group         0x00000000        0x8 C:\VScodeworkspace\04_SchedulerBase\04_SchedulerBase\WinIdeaProject\Debug\pio.o
 .group         0x00000000        0x8 C:\VScodeworkspace\04_SchedulerBase\04_SchedulerBase\WinIdeaProject\Debug\pio.o
 .group         0x00000000        0x8 C:\VScodeworkspace\04_SchedulerBase\04_SchedulerBase\WinIdeaProject\Debug\pio.o
 .group         0x00000000        0x8 C:\VScodeworkspace\04_SchedulerBase\04_SchedulerBase\WinIdeaProject\Debug\pio.o
 .group         0x00000000        0x8 C:\VScodeworkspace\04_SchedulerBase\04_SchedulerBase\WinIdeaProject\Debug\pio.o
 .group         0x00000000        0x8 C:\VScodeworkspace\04_SchedulerBase\04_SchedulerBase\WinIdeaProject\Debug\pio.o
 .text          0x00000000      0x534 C:\VScodeworkspace\04_SchedulerBase\04_SchedulerBase\WinIdeaProject\Debug\pio.o
 .data          0x00000000        0x0 C:\VScodeworkspace\04_SchedulerBase\04_SchedulerBase\WinIdeaProject\Debug\pio.o
 .bss           0x00000000        0x0 C:\VScodeworkspace\04_SchedulerBase\04_SchedulerBase\WinIdeaProject\Debug\pio.o
 .debug_info    0x00000000      0x99e C:\VScodeworkspace\04_SchedulerBase\04_SchedulerBase\WinIdeaProject\Debug\pio.o
 .debug_abbrev  0x00000000      0x17b C:\VScodeworkspace\04_SchedulerBase\04_SchedulerBase\WinIdeaProject\Debug\pio.o
 .debug_aranges
                0x00000000       0x20 C:\VScodeworkspace\04_SchedulerBase\04_SchedulerBase\WinIdeaProject\Debug\pio.o
 .debug_macro   0x00000000      0x9d5 C:\VScodeworkspace\04_SchedulerBase\04_SchedulerBase\WinIdeaProject\Debug\pio.o
 .debug_macro   0x00000000       0x22 C:\VScodeworkspace\04_SchedulerBase\04_SchedulerBase\WinIdeaProject\Debug\pio.o
 .debug_macro   0x00000000       0x44 C:\VScodeworkspace\04_SchedulerBase\04_SchedulerBase\WinIdeaProject\Debug\pio.o
 .debug_macro   0x00000000       0xe3 C:\VScodeworkspace\04_SchedulerBase\04_SchedulerBase\WinIdeaProject\Debug\pio.o
 .debug_macro   0x00000000       0x22 C:\VScodeworkspace\04_SchedulerBase\04_SchedulerBase\WinIdeaProject\Debug\pio.o
 .debug_macro   0x00000000      0x1df C:\VScodeworkspace\04_SchedulerBase\04_SchedulerBase\WinIdeaProject\Debug\pio.o
 .debug_macro   0x00000000     0x2bc6 C:\VScodeworkspace\04_SchedulerBase\04_SchedulerBase\WinIdeaProject\Debug\pio.o
 .debug_macro   0x00000000       0x91 C:\VScodeworkspace\04_SchedulerBase\04_SchedulerBase\WinIdeaProject\Debug\pio.o
 .debug_line    0x00000000      0x2ce C:\VScodeworkspace\04_SchedulerBase\04_SchedulerBase\WinIdeaProject\Debug\pio.o
 .debug_str     0x00000000     0xe18e C:\VScodeworkspace\04_SchedulerBase\04_SchedulerBase\WinIdeaProject\Debug\pio.o
 .comment       0x00000000       0x71 C:\VScodeworkspace\04_SchedulerBase\04_SchedulerBase\WinIdeaProject\Debug\pio.o
 .debug_frame   0x00000000      0x294 C:\VScodeworkspace\04_SchedulerBase\04_SchedulerBase\WinIdeaProject\Debug\pio.o
 .ARM.attributes
                0x00000000       0x37 C:\VScodeworkspace\04_SchedulerBase\04_SchedulerBase\WinIdeaProject\Debug\pio.o
 .group         0x00000000        0x8 C:\VScodeworkspace\04_SchedulerBase\04_SchedulerBase\WinIdeaProject\Debug\pmc.o
 .group         0x00000000        0x8 C:\VScodeworkspace\04_SchedulerBase\04_SchedulerBase\WinIdeaProject\Debug\pmc.o
 .group         0x00000000        0x8 C:\VScodeworkspace\04_SchedulerBase\04_SchedulerBase\WinIdeaProject\Debug\pmc.o
 .group         0x00000000        0x8 C:\VScodeworkspace\04_SchedulerBase\04_SchedulerBase\WinIdeaProject\Debug\pmc.o
 .group         0x00000000        0x8 C:\VScodeworkspace\04_SchedulerBase\04_SchedulerBase\WinIdeaProject\Debug\pmc.o
 .group         0x00000000        0x8 C:\VScodeworkspace\04_SchedulerBase\04_SchedulerBase\WinIdeaProject\Debug\pmc.o
 .group         0x00000000        0x8 C:\VScodeworkspace\04_SchedulerBase\04_SchedulerBase\WinIdeaProject\Debug\pmc.o
 .data          0x00000000        0x0 C:\VScodeworkspace\04_SchedulerBase\04_SchedulerBase\WinIdeaProject\Debug\pmc.o
 .bss           0x00000000        0x0 C:\VScodeworkspace\04_SchedulerBase\04_SchedulerBase\WinIdeaProject\Debug\pmc.o
 .debug_macro   0x00000000       0x22 C:\VScodeworkspace\04_SchedulerBase\04_SchedulerBase\WinIdeaProject\Debug\pmc.o
 .debug_macro   0x00000000       0x44 C:\VScodeworkspace\04_SchedulerBase\04_SchedulerBase\WinIdeaProject\Debug\pmc.o
 .debug_macro   0x00000000       0xe3 C:\VScodeworkspace\04_SchedulerBase\04_SchedulerBase\WinIdeaProject\Debug\pmc.o
 .debug_macro   0x00000000       0x22 C:\VScodeworkspace\04_SchedulerBase\04_SchedulerBase\WinIdeaProject\Debug\pmc.o
 .debug_macro   0x00000000      0x1df C:\VScodeworkspace\04_SchedulerBase\04_SchedulerBase\WinIdeaProject\Debug\pmc.o
 .group         0x00000000        0x8 C:\VScodeworkspace\04_SchedulerBase\04_SchedulerBase\WinIdeaProject\Debug\tc.o
 .group         0x00000000        0x8 C:\VScodeworkspace\04_SchedulerBase\04_SchedulerBase\WinIdeaProject\Debug\tc.o
 .group         0x00000000        0x8 C:\VScodeworkspace\04_SchedulerBase\04_SchedulerBase\WinIdeaProject\Debug\tc.o
 .group         0x00000000        0x8 C:\VScodeworkspace\04_SchedulerBase\04_SchedulerBase\WinIdeaProject\Debug\tc.o
 .group         0x00000000        0x8 C:\VScodeworkspace\04_SchedulerBase\04_SchedulerBase\WinIdeaProject\Debug\tc.o
 .group         0x00000000        0x8 C:\VScodeworkspace\04_SchedulerBase\04_SchedulerBase\WinIdeaProject\Debug\tc.o
 .text          0x00000000      0x130 C:\VScodeworkspace\04_SchedulerBase\04_SchedulerBase\WinIdeaProject\Debug\tc.o
 .data          0x00000000        0x0 C:\VScodeworkspace\04_SchedulerBase\04_SchedulerBase\WinIdeaProject\Debug\tc.o
 .bss           0x00000000        0x0 C:\VScodeworkspace\04_SchedulerBase\04_SchedulerBase\WinIdeaProject\Debug\tc.o
 .rodata        0x00000000       0x14 C:\VScodeworkspace\04_SchedulerBase\04_SchedulerBase\WinIdeaProject\Debug\tc.o
 .debug_info    0x00000000      0x38f C:\VScodeworkspace\04_SchedulerBase\04_SchedulerBase\WinIdeaProject\Debug\tc.o
 .debug_abbrev  0x00000000       0xed C:\VScodeworkspace\04_SchedulerBase\04_SchedulerBase\WinIdeaProject\Debug\tc.o
 .debug_aranges
                0x00000000       0x20 C:\VScodeworkspace\04_SchedulerBase\04_SchedulerBase\WinIdeaProject\Debug\tc.o
 .debug_macro   0x00000000      0x9d0 C:\VScodeworkspace\04_SchedulerBase\04_SchedulerBase\WinIdeaProject\Debug\tc.o
 .debug_macro   0x00000000       0x22 C:\VScodeworkspace\04_SchedulerBase\04_SchedulerBase\WinIdeaProject\Debug\tc.o
 .debug_macro   0x00000000       0x44 C:\VScodeworkspace\04_SchedulerBase\04_SchedulerBase\WinIdeaProject\Debug\tc.o
 .debug_macro   0x00000000       0xe3 C:\VScodeworkspace\04_SchedulerBase\04_SchedulerBase\WinIdeaProject\Debug\tc.o
 .debug_macro   0x00000000       0x22 C:\VScodeworkspace\04_SchedulerBase\04_SchedulerBase\WinIdeaProject\Debug\tc.o
 .debug_macro   0x00000000      0x1df C:\VScodeworkspace\04_SchedulerBase\04_SchedulerBase\WinIdeaProject\Debug\tc.o
 .debug_macro   0x00000000      0x6cb C:\VScodeworkspace\04_SchedulerBase\04_SchedulerBase\WinIdeaProject\Debug\tc.o
 .debug_line    0x00000000      0x23a C:\VScodeworkspace\04_SchedulerBase\04_SchedulerBase\WinIdeaProject\Debug\tc.o
 .debug_str     0x00000000     0x54c9 C:\VScodeworkspace\04_SchedulerBase\04_SchedulerBase\WinIdeaProject\Debug\tc.o
 .comment       0x00000000       0x71 C:\VScodeworkspace\04_SchedulerBase\04_SchedulerBase\WinIdeaProject\Debug\tc.o
 .debug_frame   0x00000000       0xb4 C:\VScodeworkspace\04_SchedulerBase\04_SchedulerBase\WinIdeaProject\Debug\tc.o
 .ARM.attributes
                0x00000000       0x37 C:\VScodeworkspace\04_SchedulerBase\04_SchedulerBase\WinIdeaProject\Debug\tc.o
 .group         0x00000000        0x8 C:\VScodeworkspace\04_SchedulerBase\04_SchedulerBase\WinIdeaProject\Debug\SchM.o
 .group         0x00000000        0x8 C:\VScodeworkspace\04_SchedulerBase\04_SchedulerBase\WinIdeaProject\Debug\SchM.o
 .group         0x00000000        0x8 C:\VScodeworkspace\04_SchedulerBase\04_SchedulerBase\WinIdeaProject\Debug\SchM.o
 .group         0x00000000        0x8 C:\VScodeworkspace\04_SchedulerBase\04_SchedulerBase\WinIdeaProject\Debug\SchM.o
 .group         0x00000000        0x8 C:\VScodeworkspace\04_SchedulerBase\04_SchedulerBase\WinIdeaProject\Debug\SchM.o
 .group         0x00000000        0x8 C:\VScodeworkspace\04_SchedulerBase\04_SchedulerBase\WinIdeaProject\Debug\SchM.o
 .group         0x00000000        0x8 C:\VScodeworkspace\04_SchedulerBase\04_SchedulerBase\WinIdeaProject\Debug\SchM.o
 .group         0x00000000        0x8 C:\VScodeworkspace\04_SchedulerBase\04_SchedulerBase\WinIdeaProject\Debug\SchM.o
 .group         0x00000000        0x8 C:\VScodeworkspace\04_SchedulerBase\04_SchedulerBase\WinIdeaProject\Debug\SchM.o
 .group         0x00000000        0x8 C:\VScodeworkspace\04_SchedulerBase\04_SchedulerBase\WinIdeaProject\Debug\SchM.o
 .group         0x00000000        0x8 C:\VScodeworkspace\04_SchedulerBase\04_SchedulerBase\WinIdeaProject\Debug\SchM.o
 .group         0x00000000        0x8 C:\VScodeworkspace\04_SchedulerBase\04_SchedulerBase\WinIdeaProject\Debug\SchM.o
 .group         0x00000000        0x8 C:\VScodeworkspace\04_SchedulerBase\04_SchedulerBase\WinIdeaProject\Debug\SchM.o
 .group         0x00000000        0x8 C:\VScodeworkspace\04_SchedulerBase\04_SchedulerBase\WinIdeaProject\Debug\SchM.o
 .group         0x00000000        0x8 C:\VScodeworkspace\04_SchedulerBase\04_SchedulerBase\WinIdeaProject\Debug\SchM.o
 .group         0x00000000        0x8 C:\VScodeworkspace\04_SchedulerBase\04_SchedulerBase\WinIdeaProject\Debug\SchM.o
 .group         0x00000000        0x8 C:\VScodeworkspace\04_SchedulerBase\04_SchedulerBase\WinIdeaProject\Debug\SchM.o
 .group         0x00000000        0x8 C:\VScodeworkspace\04_SchedulerBase\04_SchedulerBase\WinIdeaProject\Debug\SchM.o
 .group         0x00000000        0x8 C:\VScodeworkspace\04_SchedulerBase\04_SchedulerBase\WinIdeaProject\Debug\SchM.o
 .group         0x00000000        0x8 C:\VScodeworkspace\04_SchedulerBase\04_SchedulerBase\WinIdeaProject\Debug\SchM.o
 .group         0x00000000        0x8 C:\VScodeworkspace\04_SchedulerBase\04_SchedulerBase\WinIdeaProject\Debug\SchM.o
 .group         0x00000000        0x8 C:\VScodeworkspace\04_SchedulerBase\04_SchedulerBase\WinIdeaProject\Debug\SchM.o
 .group         0x00000000        0x8 C:\VScodeworkspace\04_SchedulerBase\04_SchedulerBase\WinIdeaProject\Debug\SchM.o
 .group         0x00000000        0x8 C:\VScodeworkspace\04_SchedulerBase\04_SchedulerBase\WinIdeaProject\Debug\SchM.o
 .group         0x00000000        0x8 C:\VScodeworkspace\04_SchedulerBase\04_SchedulerBase\WinIdeaProject\Debug\SchM.o
 .group         0x00000000        0x8 C:\VScodeworkspace\04_SchedulerBase\04_SchedulerBase\WinIdeaProject\Debug\SchM.o
 .group         0x00000000        0x8 C:\VScodeworkspace\04_SchedulerBase\04_SchedulerBase\WinIdeaProject\Debug\SchM.o
 .group         0x00000000        0x8 C:\VScodeworkspace\04_SchedulerBase\04_SchedulerBase\WinIdeaProject\Debug\SchM.o
 .group         0x00000000        0x8 C:\VScodeworkspace\04_SchedulerBase\04_SchedulerBase\WinIdeaProject\Debug\SchM.o
 .data          0x00000000        0x0 C:\VScodeworkspace\04_SchedulerBase\04_SchedulerBase\WinIdeaProject\Debug\SchM.o
 .debug_macro   0x00000000       0x22 C:\VScodeworkspace\04_SchedulerBase\04_SchedulerBase\WinIdeaProject\Debug\SchM.o
 .debug_macro   0x00000000       0x58 C:\VScodeworkspace\04_SchedulerBase\04_SchedulerBase\WinIdeaProject\Debug\SchM.o
 .debug_macro   0x00000000       0x22 C:\VScodeworkspace\04_SchedulerBase\04_SchedulerBase\WinIdeaProject\Debug\SchM.o
 .debug_macro   0x00000000       0x35 C:\VScodeworkspace\04_SchedulerBase\04_SchedulerBase\WinIdeaProject\Debug\SchM.o
 .debug_macro   0x00000000       0x9c C:\VScodeworkspace\04_SchedulerBase\04_SchedulerBase\WinIdeaProject\Debug\SchM.o
 .debug_macro   0x00000000       0x16 C:\VScodeworkspace\04_SchedulerBase\04_SchedulerBase\WinIdeaProject\Debug\SchM.o
 .debug_macro   0x00000000       0x4a C:\VScodeworkspace\04_SchedulerBase\04_SchedulerBase\WinIdeaProject\Debug\SchM.o
 .debug_macro   0x00000000       0x97 C:\VScodeworkspace\04_SchedulerBase\04_SchedulerBase\WinIdeaProject\Debug\SchM.o
 .debug_macro   0x00000000      0x29d C:\VScodeworkspace\04_SchedulerBase\04_SchedulerBase\WinIdeaProject\Debug\SchM.o
 .debug_macro   0x00000000       0xef C:\VScodeworkspace\04_SchedulerBase\04_SchedulerBase\WinIdeaProject\Debug\SchM.o
 .debug_macro   0x00000000       0x10 C:\VScodeworkspace\04_SchedulerBase\04_SchedulerBase\WinIdeaProject\Debug\SchM.o
 .debug_macro   0x00000000       0x52 C:\VScodeworkspace\04_SchedulerBase\04_SchedulerBase\WinIdeaProject\Debug\SchM.o
 .debug_macro   0x00000000       0x16 C:\VScodeworkspace\04_SchedulerBase\04_SchedulerBase\WinIdeaProject\Debug\SchM.o
 .debug_macro   0x00000000       0x43 C:\VScodeworkspace\04_SchedulerBase\04_SchedulerBase\WinIdeaProject\Debug\SchM.o
 .debug_macro   0x00000000      0x180 C:\VScodeworkspace\04_SchedulerBase\04_SchedulerBase\WinIdeaProject\Debug\SchM.o
 .debug_macro   0x00000000       0x10 C:\VScodeworkspace\04_SchedulerBase\04_SchedulerBase\WinIdeaProject\Debug\SchM.o
 .debug_macro   0x00000000       0x22 C:\VScodeworkspace\04_SchedulerBase\04_SchedulerBase\WinIdeaProject\Debug\SchM.o
 .debug_macro   0x00000000       0x22 C:\VScodeworkspace\04_SchedulerBase\04_SchedulerBase\WinIdeaProject\Debug\SchM.o
 .debug_macro   0x00000000       0xbe C:\VScodeworkspace\04_SchedulerBase\04_SchedulerBase\WinIdeaProject\Debug\SchM.o
 .debug_macro   0x00000000       0x16 C:\VScodeworkspace\04_SchedulerBase\04_SchedulerBase\WinIdeaProject\Debug\SchM.o
 .debug_macro   0x00000000      0x166 C:\VScodeworkspace\04_SchedulerBase\04_SchedulerBase\WinIdeaProject\Debug\SchM.o
 .debug_macro   0x00000000       0xe3 C:\VScodeworkspace\04_SchedulerBase\04_SchedulerBase\WinIdeaProject\Debug\SchM.o
 .debug_macro   0x00000000      0x1df C:\VScodeworkspace\04_SchedulerBase\04_SchedulerBase\WinIdeaProject\Debug\SchM.o
 .debug_macro   0x00000000       0x3b C:\VScodeworkspace\04_SchedulerBase\04_SchedulerBase\WinIdeaProject\Debug\SchM.o
 .debug_macro   0x00000000       0x18 C:\VScodeworkspace\04_SchedulerBase\04_SchedulerBase\WinIdeaProject\Debug\SchM.o
 .debug_macro   0x00000000       0x26 C:\VScodeworkspace\04_SchedulerBase\04_SchedulerBase\WinIdeaProject\Debug\SchM.o
 .debug_macro   0x00000000      0xf9a C:\VScodeworkspace\04_SchedulerBase\04_SchedulerBase\WinIdeaProject\Debug\SchM.o
 .debug_macro   0x00000000       0x3a C:\VScodeworkspace\04_SchedulerBase\04_SchedulerBase\WinIdeaProject\Debug\SchM.o
 .group         0x00000000        0x8 C:\VScodeworkspace\04_SchedulerBase\04_SchedulerBase\WinIdeaProject\Debug\SchM_Tasks.o
 .group         0x00000000        0x8 C:\VScodeworkspace\04_SchedulerBase\04_SchedulerBase\WinIdeaProject\Debug\SchM_Tasks.o
 .group         0x00000000        0x8 C:\VScodeworkspace\04_SchedulerBase\04_SchedulerBase\WinIdeaProject\Debug\SchM_Tasks.o
 .group         0x00000000        0x8 C:\VScodeworkspace\04_SchedulerBase\04_SchedulerBase\WinIdeaProject\Debug\SchM_Tasks.o
 .group         0x00000000        0x8 C:\VScodeworkspace\04_SchedulerBase\04_SchedulerBase\WinIdeaProject\Debug\SchM_Tasks.o
 .group         0x00000000        0x8 C:\VScodeworkspace\04_SchedulerBase\04_SchedulerBase\WinIdeaProject\Debug\SchM_Tasks.o
 .group         0x00000000        0x8 C:\VScodeworkspace\04_SchedulerBase\04_SchedulerBase\WinIdeaProject\Debug\SchM_Tasks.o
 .group         0x00000000        0x8 C:\VScodeworkspace\04_SchedulerBase\04_SchedulerBase\WinIdeaProject\Debug\SchM_Tasks.o
 .group         0x00000000        0x8 C:\VScodeworkspace\04_SchedulerBase\04_SchedulerBase\WinIdeaProject\Debug\SchM_Tasks.o
 .group         0x00000000        0x8 C:\VScodeworkspace\04_SchedulerBase\04_SchedulerBase\WinIdeaProject\Debug\SchM_Tasks.o
 .group         0x00000000        0x8 C:\VScodeworkspace\04_SchedulerBase\04_SchedulerBase\WinIdeaProject\Debug\SchM_Tasks.o
 .group         0x00000000        0x8 C:\VScodeworkspace\04_SchedulerBase\04_SchedulerBase\WinIdeaProject\Debug\SchM_Tasks.o
 .group         0x00000000        0x8 C:\VScodeworkspace\04_SchedulerBase\04_SchedulerBase\WinIdeaProject\Debug\SchM_Tasks.o
 .group         0x00000000        0x8 C:\VScodeworkspace\04_SchedulerBase\04_SchedulerBase\WinIdeaProject\Debug\SchM_Tasks.o
 .group         0x00000000        0x8 C:\VScodeworkspace\04_SchedulerBase\04_SchedulerBase\WinIdeaProject\Debug\SchM_Tasks.o
 .group         0x00000000        0x8 C:\VScodeworkspace\04_SchedulerBase\04_SchedulerBase\WinIdeaProject\Debug\SchM_Tasks.o
 .group         0x00000000        0x8 C:\VScodeworkspace\04_SchedulerBase\04_SchedulerBase\WinIdeaProject\Debug\SchM_Tasks.o
 .group         0x00000000        0x8 C:\VScodeworkspace\04_SchedulerBase\04_SchedulerBase\WinIdeaProject\Debug\SchM_Tasks.o
 .group         0x00000000        0x8 C:\VScodeworkspace\04_SchedulerBase\04_SchedulerBase\WinIdeaProject\Debug\SchM_Tasks.o
 .group         0x00000000        0x8 C:\VScodeworkspace\04_SchedulerBase\04_SchedulerBase\WinIdeaProject\Debug\SchM_Tasks.o
 .group         0x00000000        0x8 C:\VScodeworkspace\04_SchedulerBase\04_SchedulerBase\WinIdeaProject\Debug\SchM_Tasks.o
 .group         0x00000000        0x8 C:\VScodeworkspace\04_SchedulerBase\04_SchedulerBase\WinIdeaProject\Debug\SchM_Tasks.o
 .group         0x00000000        0x8 C:\VScodeworkspace\04_SchedulerBase\04_SchedulerBase\WinIdeaProject\Debug\SchM_Tasks.o
 .group         0x00000000        0x8 C:\VScodeworkspace\04_SchedulerBase\04_SchedulerBase\WinIdeaProject\Debug\SchM_Tasks.o
 .group         0x00000000        0x8 C:\VScodeworkspace\04_SchedulerBase\04_SchedulerBase\WinIdeaProject\Debug\SchM_Tasks.o
 .group         0x00000000        0x8 C:\VScodeworkspace\04_SchedulerBase\04_SchedulerBase\WinIdeaProject\Debug\SchM_Tasks.o
 .group         0x00000000        0x8 C:\VScodeworkspace\04_SchedulerBase\04_SchedulerBase\WinIdeaProject\Debug\SchM_Tasks.o
 .group         0x00000000        0x8 C:\VScodeworkspace\04_SchedulerBase\04_SchedulerBase\WinIdeaProject\Debug\SchM_Tasks.o
 .group         0x00000000        0x8 C:\VScodeworkspace\04_SchedulerBase\04_SchedulerBase\WinIdeaProject\Debug\SchM_Tasks.o
 .data          0x00000000        0x0 C:\VScodeworkspace\04_SchedulerBase\04_SchedulerBase\WinIdeaProject\Debug\SchM_Tasks.o
 .debug_macro   0x00000000       0x22 C:\VScodeworkspace\04_SchedulerBase\04_SchedulerBase\WinIdeaProject\Debug\SchM_Tasks.o
 .debug_macro   0x00000000       0x58 C:\VScodeworkspace\04_SchedulerBase\04_SchedulerBase\WinIdeaProject\Debug\SchM_Tasks.o
 .debug_macro   0x00000000       0x22 C:\VScodeworkspace\04_SchedulerBase\04_SchedulerBase\WinIdeaProject\Debug\SchM_Tasks.o
 .debug_macro   0x00000000       0x35 C:\VScodeworkspace\04_SchedulerBase\04_SchedulerBase\WinIdeaProject\Debug\SchM_Tasks.o
 .debug_macro   0x00000000       0x9c C:\VScodeworkspace\04_SchedulerBase\04_SchedulerBase\WinIdeaProject\Debug\SchM_Tasks.o
 .debug_macro   0x00000000       0x16 C:\VScodeworkspace\04_SchedulerBase\04_SchedulerBase\WinIdeaProject\Debug\SchM_Tasks.o
 .debug_macro   0x00000000       0x4a C:\VScodeworkspace\04_SchedulerBase\04_SchedulerBase\WinIdeaProject\Debug\SchM_Tasks.o
 .debug_macro   0x00000000       0x97 C:\VScodeworkspace\04_SchedulerBase\04_SchedulerBase\WinIdeaProject\Debug\SchM_Tasks.o
 .debug_macro   0x00000000      0x29d C:\VScodeworkspace\04_SchedulerBase\04_SchedulerBase\WinIdeaProject\Debug\SchM_Tasks.o
 .debug_macro   0x00000000       0xef C:\VScodeworkspace\04_SchedulerBase\04_SchedulerBase\WinIdeaProject\Debug\SchM_Tasks.o
 .debug_macro   0x00000000       0x10 C:\VScodeworkspace\04_SchedulerBase\04_SchedulerBase\WinIdeaProject\Debug\SchM_Tasks.o
 .debug_macro   0x00000000       0x52 C:\VScodeworkspace\04_SchedulerBase\04_SchedulerBase\WinIdeaProject\Debug\SchM_Tasks.o
 .debug_macro   0x00000000       0x16 C:\VScodeworkspace\04_SchedulerBase\04_SchedulerBase\WinIdeaProject\Debug\SchM_Tasks.o
 .debug_macro   0x00000000       0x43 C:\VScodeworkspace\04_SchedulerBase\04_SchedulerBase\WinIdeaProject\Debug\SchM_Tasks.o
 .debug_macro   0x00000000      0x180 C:\VScodeworkspace\04_SchedulerBase\04_SchedulerBase\WinIdeaProject\Debug\SchM_Tasks.o
 .debug_macro   0x00000000       0x10 C:\VScodeworkspace\04_SchedulerBase\04_SchedulerBase\WinIdeaProject\Debug\SchM_Tasks.o
 .debug_macro   0x00000000       0x22 C:\VScodeworkspace\04_SchedulerBase\04_SchedulerBase\WinIdeaProject\Debug\SchM_Tasks.o
 .debug_macro   0x00000000       0x22 C:\VScodeworkspace\04_SchedulerBase\04_SchedulerBase\WinIdeaProject\Debug\SchM_Tasks.o
 .debug_macro   0x00000000       0xbe C:\VScodeworkspace\04_SchedulerBase\04_SchedulerBase\WinIdeaProject\Debug\SchM_Tasks.o
 .debug_macro   0x00000000       0x16 C:\VScodeworkspace\04_SchedulerBase\04_SchedulerBase\WinIdeaProject\Debug\SchM_Tasks.o
 .debug_macro   0x00000000      0x166 C:\VScodeworkspace\04_SchedulerBase\04_SchedulerBase\WinIdeaProject\Debug\SchM_Tasks.o
 .debug_macro   0x00000000       0xe3 C:\VScodeworkspace\04_SchedulerBase\04_SchedulerBase\WinIdeaProject\Debug\SchM_Tasks.o
 .debug_macro   0x00000000      0x1df C:\VScodeworkspace\04_SchedulerBase\04_SchedulerBase\WinIdeaProject\Debug\SchM_Tasks.o
 .debug_macro   0x00000000      0x1f4 C:\VScodeworkspace\04_SchedulerBase\04_SchedulerBase\WinIdeaProject\Debug\SchM_Tasks.o
 .debug_macro   0x00000000       0x3b C:\VScodeworkspace\04_SchedulerBase\04_SchedulerBase\WinIdeaProject\Debug\SchM_Tasks.o
 .debug_macro   0x00000000       0x18 C:\VScodeworkspace\04_SchedulerBase\04_SchedulerBase\WinIdeaProject\Debug\SchM_Tasks.o
 .debug_macro   0x00000000       0x26 C:\VScodeworkspace\04_SchedulerBase\04_SchedulerBase\WinIdeaProject\Debug\SchM_Tasks.o
 .debug_macro   0x00000000      0xf9a C:\VScodeworkspace\04_SchedulerBase\04_SchedulerBase\WinIdeaProject\Debug\SchM_Tasks.o
 .debug_macro   0x00000000       0x3a C:\VScodeworkspace\04_SchedulerBase\04_SchedulerBase\WinIdeaProject\Debug\SchM_Tasks.o
 .group         0x00000000        0x8 C:\VScodeworkspace\04_SchedulerBase\04_SchedulerBase\WinIdeaProject\Debug\Led_Ctrl.o
 .group         0x00000000        0x8 C:\VScodeworkspace\04_SchedulerBase\04_SchedulerBase\WinIdeaProject\Debug\Led_Ctrl.o
 .group         0x00000000        0x8 C:\VScodeworkspace\04_SchedulerBase\04_SchedulerBase\WinIdeaProject\Debug\Led_Ctrl.o
 .group         0x00000000        0x8 C:\VScodeworkspace\04_SchedulerBase\04_SchedulerBase\WinIdeaProject\Debug\Led_Ctrl.o
 .group         0x00000000        0x8 C:\VScodeworkspace\04_SchedulerBase\04_SchedulerBase\WinIdeaProject\Debug\Led_Ctrl.o
 .group         0x00000000        0x8 C:\VScodeworkspace\04_SchedulerBase\04_SchedulerBase\WinIdeaProject\Debug\Led_Ctrl.o
 .group         0x00000000        0x8 C:\VScodeworkspace\04_SchedulerBase\04_SchedulerBase\WinIdeaProject\Debug\Led_Ctrl.o
 .group         0x00000000        0x8 C:\VScodeworkspace\04_SchedulerBase\04_SchedulerBase\WinIdeaProject\Debug\Led_Ctrl.o
 .group         0x00000000        0x8 C:\VScodeworkspace\04_SchedulerBase\04_SchedulerBase\WinIdeaProject\Debug\Led_Ctrl.o
 .group         0x00000000        0x8 C:\VScodeworkspace\04_SchedulerBase\04_SchedulerBase\WinIdeaProject\Debug\Led_Ctrl.o
 .group         0x00000000        0x8 C:\VScodeworkspace\04_SchedulerBase\04_SchedulerBase\WinIdeaProject\Debug\Led_Ctrl.o
 .group         0x00000000        0x8 C:\VScodeworkspace\04_SchedulerBase\04_SchedulerBase\WinIdeaProject\Debug\Led_Ctrl.o
 .group         0x00000000        0x8 C:\VScodeworkspace\04_SchedulerBase\04_SchedulerBase\WinIdeaProject\Debug\Led_Ctrl.o
 .group         0x00000000        0x8 C:\VScodeworkspace\04_SchedulerBase\04_SchedulerBase\WinIdeaProject\Debug\Led_Ctrl.o
 .group         0x00000000        0x8 C:\VScodeworkspace\04_SchedulerBase\04_SchedulerBase\WinIdeaProject\Debug\Led_Ctrl.o
 .group         0x00000000        0x8 C:\VScodeworkspace\04_SchedulerBase\04_SchedulerBase\WinIdeaProject\Debug\Led_Ctrl.o
 .group         0x00000000        0x8 C:\VScodeworkspace\04_SchedulerBase\04_SchedulerBase\WinIdeaProject\Debug\Led_Ctrl.o
 .group         0x00000000        0x8 C:\VScodeworkspace\04_SchedulerBase\04_SchedulerBase\WinIdeaProject\Debug\Led_Ctrl.o
 .group         0x00000000        0x8 C:\VScodeworkspace\04_SchedulerBase\04_SchedulerBase\WinIdeaProject\Debug\Led_Ctrl.o
 .group         0x00000000        0x8 C:\VScodeworkspace\04_SchedulerBase\04_SchedulerBase\WinIdeaProject\Debug\Led_Ctrl.o
 .group         0x00000000        0x8 C:\VScodeworkspace\04_SchedulerBase\04_SchedulerBase\WinIdeaProject\Debug\Led_Ctrl.o
 .group         0x00000000        0x8 C:\VScodeworkspace\04_SchedulerBase\04_SchedulerBase\WinIdeaProject\Debug\Led_Ctrl.o
 .group         0x00000000        0x8 C:\VScodeworkspace\04_SchedulerBase\04_SchedulerBase\WinIdeaProject\Debug\Led_Ctrl.o
 .group         0x00000000        0x8 C:\VScodeworkspace\04_SchedulerBase\04_SchedulerBase\WinIdeaProject\Debug\Led_Ctrl.o
 .group         0x00000000        0x8 C:\VScodeworkspace\04_SchedulerBase\04_SchedulerBase\WinIdeaProject\Debug\Led_Ctrl.o
 .group         0x00000000        0x8 C:\VScodeworkspace\04_SchedulerBase\04_SchedulerBase\WinIdeaProject\Debug\Led_Ctrl.o
 .group         0x00000000        0x8 C:\VScodeworkspace\04_SchedulerBase\04_SchedulerBase\WinIdeaProject\Debug\Led_Ctrl.o
 .group         0x00000000        0x8 C:\VScodeworkspace\04_SchedulerBase\04_SchedulerBase\WinIdeaProject\Debug\Led_Ctrl.o
 .group         0x00000000        0x8 C:\VScodeworkspace\04_SchedulerBase\04_SchedulerBase\WinIdeaProject\Debug\Led_Ctrl.o
 .group         0x00000000        0x8 C:\VScodeworkspace\04_SchedulerBase\04_SchedulerBase\WinIdeaProject\Debug\Led_Ctrl.o
 .group         0x00000000        0x8 C:\VScodeworkspace\04_SchedulerBase\04_SchedulerBase\WinIdeaProject\Debug\Led_Ctrl.o
 .group         0x00000000        0x8 C:\VScodeworkspace\04_SchedulerBase\04_SchedulerBase\WinIdeaProject\Debug\Led_Ctrl.o
 .group         0x00000000        0x8 C:\VScodeworkspace\04_SchedulerBase\04_SchedulerBase\WinIdeaProject\Debug\Led_Ctrl.o
 .group         0x00000000        0x8 C:\VScodeworkspace\04_SchedulerBase\04_SchedulerBase\WinIdeaProject\Debug\Led_Ctrl.o
 .group         0x00000000        0x8 C:\VScodeworkspace\04_SchedulerBase\04_SchedulerBase\WinIdeaProject\Debug\Led_Ctrl.o
 .data          0x00000000        0x0 C:\VScodeworkspace\04_SchedulerBase\04_SchedulerBase\WinIdeaProject\Debug\Led_Ctrl.o
 .debug_macro   0x00000000       0x22 C:\VScodeworkspace\04_SchedulerBase\04_SchedulerBase\WinIdeaProject\Debug\Led_Ctrl.o
 .debug_macro   0x00000000       0x58 C:\VScodeworkspace\04_SchedulerBase\04_SchedulerBase\WinIdeaProject\Debug\Led_Ctrl.o
 .debug_macro   0x00000000       0x22 C:\VScodeworkspace\04_SchedulerBase\04_SchedulerBase\WinIdeaProject\Debug\Led_Ctrl.o
 .debug_macro   0x00000000       0x35 C:\VScodeworkspace\04_SchedulerBase\04_SchedulerBase\WinIdeaProject\Debug\Led_Ctrl.o
 .debug_macro   0x00000000       0x9c C:\VScodeworkspace\04_SchedulerBase\04_SchedulerBase\WinIdeaProject\Debug\Led_Ctrl.o
 .debug_macro   0x00000000       0x16 C:\VScodeworkspace\04_SchedulerBase\04_SchedulerBase\WinIdeaProject\Debug\Led_Ctrl.o
 .debug_macro   0x00000000       0x4a C:\VScodeworkspace\04_SchedulerBase\04_SchedulerBase\WinIdeaProject\Debug\Led_Ctrl.o
 .debug_macro   0x00000000       0x97 C:\VScodeworkspace\04_SchedulerBase\04_SchedulerBase\WinIdeaProject\Debug\Led_Ctrl.o
 .debug_macro   0x00000000      0x29d C:\VScodeworkspace\04_SchedulerBase\04_SchedulerBase\WinIdeaProject\Debug\Led_Ctrl.o
 .debug_macro   0x00000000       0xef C:\VScodeworkspace\04_SchedulerBase\04_SchedulerBase\WinIdeaProject\Debug\Led_Ctrl.o
 .debug_macro   0x00000000       0x10 C:\VScodeworkspace\04_SchedulerBase\04_SchedulerBase\WinIdeaProject\Debug\Led_Ctrl.o
 .debug_macro   0x00000000       0x52 C:\VScodeworkspace\04_SchedulerBase\04_SchedulerBase\WinIdeaProject\Debug\Led_Ctrl.o
 .debug_macro   0x00000000       0x16 C:\VScodeworkspace\04_SchedulerBase\04_SchedulerBase\WinIdeaProject\Debug\Led_Ctrl.o
 .debug_macro   0x00000000       0x43 C:\VScodeworkspace\04_SchedulerBase\04_SchedulerBase\WinIdeaProject\Debug\Led_Ctrl.o
 .debug_macro   0x00000000      0x180 C:\VScodeworkspace\04_SchedulerBase\04_SchedulerBase\WinIdeaProject\Debug\Led_Ctrl.o
 .debug_macro   0x00000000       0x10 C:\VScodeworkspace\04_SchedulerBase\04_SchedulerBase\WinIdeaProject\Debug\Led_Ctrl.o
 .debug_macro   0x00000000       0x22 C:\VScodeworkspace\04_SchedulerBase\04_SchedulerBase\WinIdeaProject\Debug\Led_Ctrl.o
 .debug_macro   0x00000000       0x22 C:\VScodeworkspace\04_SchedulerBase\04_SchedulerBase\WinIdeaProject\Debug\Led_Ctrl.o
 .debug_macro   0x00000000       0xbe C:\VScodeworkspace\04_SchedulerBase\04_SchedulerBase\WinIdeaProject\Debug\Led_Ctrl.o
 .debug_macro   0x00000000       0x16 C:\VScodeworkspace\04_SchedulerBase\04_SchedulerBase\WinIdeaProject\Debug\Led_Ctrl.o
 .debug_macro   0x00000000      0x166 C:\VScodeworkspace\04_SchedulerBase\04_SchedulerBase\WinIdeaProject\Debug\Led_Ctrl.o
 .debug_macro   0x00000000       0xe3 C:\VScodeworkspace\04_SchedulerBase\04_SchedulerBase\WinIdeaProject\Debug\Led_Ctrl.o
 .debug_macro   0x00000000      0x1df C:\VScodeworkspace\04_SchedulerBase\04_SchedulerBase\WinIdeaProject\Debug\Led_Ctrl.o
 .debug_macro   0x00000000      0x1f4 C:\VScodeworkspace\04_SchedulerBase\04_SchedulerBase\WinIdeaProject\Debug\Led_Ctrl.o
 .debug_macro   0x00000000       0x3b C:\VScodeworkspace\04_SchedulerBase\04_SchedulerBase\WinIdeaProject\Debug\Led_Ctrl.o
 .debug_macro   0x00000000       0x18 C:\VScodeworkspace\04_SchedulerBase\04_SchedulerBase\WinIdeaProject\Debug\Led_Ctrl.o
 .debug_macro   0x00000000       0x26 C:\VScodeworkspace\04_SchedulerBase\04_SchedulerBase\WinIdeaProject\Debug\Led_Ctrl.o
 .debug_macro   0x00000000      0xf9a C:\VScodeworkspace\04_SchedulerBase\04_SchedulerBase\WinIdeaProject\Debug\Led_Ctrl.o
 .debug_macro   0x00000000       0x3a C:\VScodeworkspace\04_SchedulerBase\04_SchedulerBase\WinIdeaProject\Debug\Led_Ctrl.o
 .debug_macro   0x00000000     0x1027 C:\VScodeworkspace\04_SchedulerBase\04_SchedulerBase\WinIdeaProject\Debug\Led_Ctrl.o
 .debug_macro   0x00000000       0x34 C:\VScodeworkspace\04_SchedulerBase\04_SchedulerBase\WinIdeaProject\Debug\Led_Ctrl.o
 .debug_macro   0x00000000     0x2bc6 C:\VScodeworkspace\04_SchedulerBase\04_SchedulerBase\WinIdeaProject\Debug\Led_Ctrl.o
 .debug_macro   0x00000000       0x91 C:\VScodeworkspace\04_SchedulerBase\04_SchedulerBase\WinIdeaProject\Debug\Led_Ctrl.o
 .debug_macro   0x00000000      0x6cb C:\VScodeworkspace\04_SchedulerBase\04_SchedulerBase\WinIdeaProject\Debug\Led_Ctrl.o
 .group         0x00000000        0x8 C:\VScodeworkspace\04_SchedulerBase\04_SchedulerBase\WinIdeaProject\Debug\Cstartup.o
 .group         0x00000000        0x8 C:\VScodeworkspace\04_SchedulerBase\04_SchedulerBase\WinIdeaProject\Debug\Cstartup.o
 .group         0x00000000        0x8 C:\VScodeworkspace\04_SchedulerBase\04_SchedulerBase\WinIdeaProject\Debug\Cstartup.o
 .group         0x00000000        0x8 C:\VScodeworkspace\04_SchedulerBase\04_SchedulerBase\WinIdeaProject\Debug\Cstartup.o
 .group         0x00000000        0x8 C:\VScodeworkspace\04_SchedulerBase\04_SchedulerBase\WinIdeaProject\Debug\Cstartup.o
 .group         0x00000000        0x8 C:\VScodeworkspace\04_SchedulerBase\04_SchedulerBase\WinIdeaProject\Debug\Cstartup.o
 .group         0x00000000        0x8 C:\VScodeworkspace\04_SchedulerBase\04_SchedulerBase\WinIdeaProject\Debug\Cstartup.o
 .group         0x00000000        0x8 C:\VScodeworkspace\04_SchedulerBase\04_SchedulerBase\WinIdeaProject\Debug\Cstartup.o
 .group         0x00000000        0x8 C:\VScodeworkspace\04_SchedulerBase\04_SchedulerBase\WinIdeaProject\Debug\Cstartup.o
 .group         0x00000000        0x8 C:\VScodeworkspace\04_SchedulerBase\04_SchedulerBase\WinIdeaProject\Debug\Cstartup.o
 .data          0x00000000        0x0 C:\VScodeworkspace\04_SchedulerBase\04_SchedulerBase\WinIdeaProject\Debug\Cstartup.o
 .bss           0x00000000        0x0 C:\VScodeworkspace\04_SchedulerBase\04_SchedulerBase\WinIdeaProject\Debug\Cstartup.o
 .debug_macro   0x00000000       0x22 C:\VScodeworkspace\04_SchedulerBase\04_SchedulerBase\WinIdeaProject\Debug\Cstartup.o
 .debug_macro   0x00000000       0x44 C:\VScodeworkspace\04_SchedulerBase\04_SchedulerBase\WinIdeaProject\Debug\Cstartup.o
 .debug_macro   0x00000000       0xe3 C:\VScodeworkspace\04_SchedulerBase\04_SchedulerBase\WinIdeaProject\Debug\Cstartup.o
 .debug_macro   0x00000000       0x22 C:\VScodeworkspace\04_SchedulerBase\04_SchedulerBase\WinIdeaProject\Debug\Cstartup.o
 .debug_macro   0x00000000      0x1df C:\VScodeworkspace\04_SchedulerBase\04_SchedulerBase\WinIdeaProject\Debug\Cstartup.o
 .debug_macro   0x00000000      0x1f4 C:\VScodeworkspace\04_SchedulerBase\04_SchedulerBase\WinIdeaProject\Debug\Cstartup.o
 .debug_macro   0x00000000       0x3b C:\VScodeworkspace\04_SchedulerBase\04_SchedulerBase\WinIdeaProject\Debug\Cstartup.o
 .debug_macro   0x00000000       0x18 C:\VScodeworkspace\04_SchedulerBase\04_SchedulerBase\WinIdeaProject\Debug\Cstartup.o
 .debug_macro   0x00000000       0x26 C:\VScodeworkspace\04_SchedulerBase\04_SchedulerBase\WinIdeaProject\Debug\Cstartup.o
 .debug_macro   0x00000000      0xf9a C:\VScodeworkspace\04_SchedulerBase\04_SchedulerBase\WinIdeaProject\Debug\Cstartup.o

Memory Configuration

Name             Origin             Length             Attributes
rom              0x00400000         0x00200000         xr
ram              0x20400000         0x00020000         xrw
*default*        0x00000000         0xffffffff

Linker script and memory map

LOAD C:\VScodeworkspace\04_SchedulerBase\04_SchedulerBase\WinIdeaProject\Debug\Main.o
LOAD C:\VScodeworkspace\04_SchedulerBase\04_SchedulerBase\WinIdeaProject\Debug\pio.o
LOAD C:\VScodeworkspace\04_SchedulerBase\04_SchedulerBase\WinIdeaProject\Debug\pmc.o
LOAD C:\VScodeworkspace\04_SchedulerBase\04_SchedulerBase\WinIdeaProject\Debug\tc.o
LOAD C:\VScodeworkspace\04_SchedulerBase\04_SchedulerBase\WinIdeaProject\Debug\SchM.o
LOAD C:\VScodeworkspace\04_SchedulerBase\04_SchedulerBase\WinIdeaProject\Debug\SchM_Tasks.o
LOAD C:\VScodeworkspace\04_SchedulerBase\04_SchedulerBase\WinIdeaProject\Debug\Led_Ctrl.o
LOAD C:\VScodeworkspace\04_SchedulerBase\04_SchedulerBase\WinIdeaProject\Debug\Cstartup.o
                0x00001000                STACK_SIZE = DEFINED (STACK_SIZE)?STACK_SIZE:0x1000
                0x00001000                HEAP_SIZE = DEFINED (HEAP_SIZE)?HEAP_SIZE:0x1000

.text           0x00400000     0x1244
                0x00400000                . = ALIGN (0x4)
                0x00400000                _sfixed = .
 *(.vectors)
 .vectors       0x00400000      0x140 C:\VScodeworkspace\04_SchedulerBase\04_SchedulerBase\WinIdeaProject\Debug\Cstartup.o
                0x00400000                exception_table
 *(.text)
 .text          0x00400140      0x1ac C:\VScodeworkspace\04_SchedulerBase\04_SchedulerBase\WinIdeaProject\Debug\Main.o
                0x004001a4                ImSR
                0x004001e4                limpiar
                0x004001fc                main
 .text          0x004002ec      0x718 C:\VScodeworkspace\04_SchedulerBase\04_SchedulerBase\WinIdeaProject\Debug\pmc.o
                0x004003c0                PMC_EnablePeripheral
                0x00400434                PMC_DisablePeripheral
                0x004004a8                PMC_EnableAllPeripherals
                0x004004e8                PMC_DisableAllPeripherals
                0x00400524                PMC_IsPeriphEnabled
                0x00400564                PMC_EnableExtOsc
                0x004005e0                PMC_DisableExtOsc
                0x0040061c                PMC_SelectExtOsc
                0x00400688                PMC_SelectExtBypassOsc
                0x004006f4                PMC_EnableIntRC4_8_12MHz
                0x00400780                PMC_DisableIntRC4_8_12MHz
                0x004007c4                PMC_SetPllaClock
                0x0040081c                PMC_SetMckSelection
                0x00400860                PMC_DisableAllClocks
                0x004008b0                PMC_ConfigureMckWithPlla
                0x004008e8                PMC_EnableXT32KFME
                0x00400914                PMC_ConfigurePCK0
                0x00400964                PMC_ConfigurePCK1
                0x004009b4                PMC_ConfigurePCK2
 .text          0x00400a04      0x528 C:\VScodeworkspace\04_SchedulerBase\04_SchedulerBase\WinIdeaProject\Debug\SchM.o
                0x00400a9c                cuenta
                0x00400ab8                SchM_Callback
                0x00400b8c                SysTick_init
                0x00400bc0                SchM_Start
                0x00400bec                SchM_Scheduler
                0x00400d30                SchM_Init
                0x00400e9c                SchM_Stop
                0x00400eb4                SysTick_Handler
                0x00400ed0                SchM_SchedulePoint
                0x00400f08                SchM_ActivateTask
 .text          0x00400f2c      0x168 C:\VScodeworkspace\04_SchedulerBase\04_SchedulerBase\WinIdeaProject\Debug\SchM_Tasks.o
                0x00400f2c                SchM_Task_1ms
                0x00400f64                SchM_Task_2ms_A
                0x00400f9c                SchM_Task_2ms_B
                0x00400fd4                SchM_Task_10ms
                0x0040100c                SchM_Task_50ms
                0x00401044                SchM_Task_100ms
                0x0040107c                SchM_Task_Event
 .text          0x00401094      0x144 C:\VScodeworkspace\04_SchedulerBase\04_SchedulerBase\WinIdeaProject\Debug\Led_Ctrl.o
                0x0040110c                LedCtrl_Configure
                0x00401160                LedCtrl_BlinkingPattern
 .text          0x004011d8       0x6c C:\VScodeworkspace\04_SchedulerBase\04_SchedulerBase\WinIdeaProject\Debug\Cstartup.o
                0x004011d8                Dummy_Handler
 *(.rodata)
                0x00401244                . = ALIGN (0x4)
                0x00401244                _efixed = .

.glue_7         0x00401244        0x0
 .glue_7        0x00000000        0x0 linker stubs

.glue_7t        0x00401244        0x0
 .glue_7t       0x00000000        0x0 linker stubs

.vfp11_veneer   0x00401244        0x0
 .vfp11_veneer  0x00000000        0x0 linker stubs

.v4_bx          0x00401244        0x0
 .v4_bx         0x00000000        0x0 linker stubs

.iplt           0x00401244        0x0
 .iplt          0x00000000        0x0 C:\VScodeworkspace\04_SchedulerBase\04_SchedulerBase\WinIdeaProject\Debug\Main.o

.igot.plt       0x00401244        0x0
 .igot.plt      0x00000000        0x0 C:\VScodeworkspace\04_SchedulerBase\04_SchedulerBase\WinIdeaProject\Debug\Main.o

.rel.dyn        0x00401244        0x0
 .rel.iplt      0x00000000        0x0 C:\VScodeworkspace\04_SchedulerBase\04_SchedulerBase\WinIdeaProject\Debug\Main.o
                0x00401244                . = ALIGN (0x4)
                0x00401244                _etext = .

.relocate       0x20400000        0x0 load address 0x00401244
                0x20400000                . = ALIGN (0x4)
                0x20400000                _srelocate = .
 *(.ramfunc .ramfunc.*)
 *(.data .data.*)
                0x20400000                . = ALIGN (0x4)
                0x20400000                _erelocate = .

.bss            0x20400000       0x68
                0x20400000                . = ALIGN (0x4)
                0x20400000                _sbss = .
                0x20400000                _szero = .
 *(.bss .bss.*)
 .bss           0x20400000        0x4 C:\VScodeworkspace\04_SchedulerBase\04_SchedulerBase\WinIdeaProject\Debug\Main.o
                0x20400000                ISR_COUNTER
 .bss           0x20400004        0xc C:\VScodeworkspace\04_SchedulerBase\04_SchedulerBase\WinIdeaProject\Debug\SchM.o
                0x20400004                pfctnSysTick
                0x20400008                flag
                0x2040000c                contador
 .bss           0x20400010        0x8 C:\VScodeworkspace\04_SchedulerBase\04_SchedulerBase\WinIdeaProject\Debug\SchM_Tasks.o
                0x20400010                contadortiempo
                0x20400014                seejecuto
 .bss           0x20400018        0x1 C:\VScodeworkspace\04_SchedulerBase\04_SchedulerBase\WinIdeaProject\Debug\Led_Ctrl.o
 *(COMMON)
 *fill*         0x20400019        0x3 
 COMMON         0x2040001c        0x8 C:\VScodeworkspace\04_SchedulerBase\04_SchedulerBase\WinIdeaProject\Debug\Main.o
                0x2040001c                Dummy
                0x20400020                Register
 COMMON         0x20400024       0x44 C:\VScodeworkspace\04_SchedulerBase\04_SchedulerBase\WinIdeaProject\Debug\SchM.o
                0x20400024                SchM_Task_ID_Backup
                0x20400025                SchM_Task_ID_Activated
                0x20400026                SchM_Counter
                0x20400027                SchM_Status
                0x20400028                SchM_Task_ID_Running
                0x2040002c                RunningTaskPriority
                0x20400030                tarea
                0x20400068                . = ALIGN (0x4)
                0x20400068                _ebss = .
                0x20400068                _ezero = .

.stack          0x20400068     0x1000
                0x20400068                . = ALIGN (0x8)
                0x20400068                _sstack = .
                0x20401068                . = (. + STACK_SIZE)
 *fill*         0x20400068     0x1000 
                0x20401068                . = ALIGN (0x8)
                0x20401068                _estack = .

.heap           0x20401068     0x1000
                0x20401068                . = ALIGN (0x8)
                0x20401068                _sheap = .
                0x20402068                . = (. + HEAP_SIZE)
 *fill*         0x20401068     0x1000 
                0x20402068                . = ALIGN (0x8)
                0x20402068                _eheap = .
                0x20402068                . = ALIGN (0x4)
                0x20402068                _end = .
                0x2041ffff                _ram_end_ = ((ORIGIN (ram) + 0x20000) - 0x1)
LOAD c:/isystem/winidea9/gcc/arm/bin/../lib/gcc/arm-none-eabi/4.9.3/../../../../arm-none-eabi/lib/cortex-m7\libc.a
LOAD c:/isystem/winidea9/gcc/arm/bin/../lib/gcc/arm-none-eabi/4.9.3/cortex-m7\libgcc.a
LOAD c:/isystem/winidea9/gcc/arm/bin/../lib/gcc/arm-none-eabi/4.9.3/../../../../arm-none-eabi/lib/cortex-m7\libm.a
OUTPUT(03_Timers_Solved.elf elf32-littlearm)

.debug_info     0x00000000     0x23cf
 .debug_info    0x00000000      0x562 C:\VScodeworkspace\04_SchedulerBase\04_SchedulerBase\WinIdeaProject\Debug\Main.o
 .debug_info    0x00000562      0x6b8 C:\VScodeworkspace\04_SchedulerBase\04_SchedulerBase\WinIdeaProject\Debug\pmc.o
 .debug_info    0x00000c1a      0xa8b C:\VScodeworkspace\04_SchedulerBase\04_SchedulerBase\WinIdeaProject\Debug\SchM.o
 .debug_info    0x000016a5      0x1e0 C:\VScodeworkspace\04_SchedulerBase\04_SchedulerBase\WinIdeaProject\Debug\SchM_Tasks.o
 .debug_info    0x00001885      0x60e C:\VScodeworkspace\04_SchedulerBase\04_SchedulerBase\WinIdeaProject\Debug\Led_Ctrl.o
 .debug_info    0x00001e93      0x53c C:\VScodeworkspace\04_SchedulerBase\04_SchedulerBase\WinIdeaProject\Debug\Cstartup.o

.debug_abbrev   0x00000000      0x864
 .debug_abbrev  0x00000000      0x1b6 C:\VScodeworkspace\04_SchedulerBase\04_SchedulerBase\WinIdeaProject\Debug\Main.o
 .debug_abbrev  0x000001b6      0x1bb C:\VScodeworkspace\04_SchedulerBase\04_SchedulerBase\WinIdeaProject\Debug\pmc.o
 .debug_abbrev  0x00000371      0x246 C:\VScodeworkspace\04_SchedulerBase\04_SchedulerBase\WinIdeaProject\Debug\SchM.o
 .debug_abbrev  0x000005b7       0xad C:\VScodeworkspace\04_SchedulerBase\04_SchedulerBase\WinIdeaProject\Debug\SchM_Tasks.o
 .debug_abbrev  0x00000664      0x10b C:\VScodeworkspace\04_SchedulerBase\04_SchedulerBase\WinIdeaProject\Debug\Led_Ctrl.o
 .debug_abbrev  0x0000076f       0xf5 C:\VScodeworkspace\04_SchedulerBase\04_SchedulerBase\WinIdeaProject\Debug\Cstartup.o

.debug_aranges  0x00000000       0xc0
 .debug_aranges
                0x00000000       0x20 C:\VScodeworkspace\04_SchedulerBase\04_SchedulerBase\WinIdeaProject\Debug\Main.o
 .debug_aranges
                0x00000020       0x20 C:\VScodeworkspace\04_SchedulerBase\04_SchedulerBase\WinIdeaProject\Debug\pmc.o
 .debug_aranges
                0x00000040       0x20 C:\VScodeworkspace\04_SchedulerBase\04_SchedulerBase\WinIdeaProject\Debug\SchM.o
 .debug_aranges
                0x00000060       0x20 C:\VScodeworkspace\04_SchedulerBase\04_SchedulerBase\WinIdeaProject\Debug\SchM_Tasks.o
 .debug_aranges
                0x00000080       0x20 C:\VScodeworkspace\04_SchedulerBase\04_SchedulerBase\WinIdeaProject\Debug\Led_Ctrl.o
 .debug_aranges
                0x000000a0       0x20 C:\VScodeworkspace\04_SchedulerBase\04_SchedulerBase\WinIdeaProject\Debug\Cstartup.o

.debug_macro    0x00000000     0x8293
 .debug_macro   0x00000000      0xb1c C:\VScodeworkspace\04_SchedulerBase\04_SchedulerBase\WinIdeaProject\Debug\Main.o
 .debug_macro   0x00000b1c      0x1f4 C:\VScodeworkspace\04_SchedulerBase\04_SchedulerBase\WinIdeaProject\Debug\Main.o
 .debug_macro   0x00000d10       0x22 C:\VScodeworkspace\04_SchedulerBase\04_SchedulerBase\WinIdeaProject\Debug\Main.o
 .debug_macro   0x00000d32       0x58 C:\VScodeworkspace\04_SchedulerBase\04_SchedulerBase\WinIdeaProject\Debug\Main.o
 .debug_macro   0x00000d8a       0x22 C:\VScodeworkspace\04_SchedulerBase\04_SchedulerBase\WinIdeaProject\Debug\Main.o
 .debug_macro   0x00000dac       0x35 C:\VScodeworkspace\04_SchedulerBase\04_SchedulerBase\WinIdeaProject\Debug\Main.o
 .debug_macro   0x00000de1       0x9c C:\VScodeworkspace\04_SchedulerBase\04_SchedulerBase\WinIdeaProject\Debug\Main.o
 .debug_macro   0x00000e7d       0x16 C:\VScodeworkspace\04_SchedulerBase\04_SchedulerBase\WinIdeaProject\Debug\Main.o
 .debug_macro   0x00000e93       0x4a C:\VScodeworkspace\04_SchedulerBase\04_SchedulerBase\WinIdeaProject\Debug\Main.o
 .debug_macro   0x00000edd       0x97 C:\VScodeworkspace\04_SchedulerBase\04_SchedulerBase\WinIdeaProject\Debug\Main.o
 .debug_macro   0x00000f74      0x29d C:\VScodeworkspace\04_SchedulerBase\04_SchedulerBase\WinIdeaProject\Debug\Main.o
 .debug_macro   0x00001211       0xef C:\VScodeworkspace\04_SchedulerBase\04_SchedulerBase\WinIdeaProject\Debug\Main.o
 .debug_macro   0x00001300       0x10 C:\VScodeworkspace\04_SchedulerBase\04_SchedulerBase\WinIdeaProject\Debug\Main.o
 .debug_macro   0x00001310       0x52 C:\VScodeworkspace\04_SchedulerBase\04_SchedulerBase\WinIdeaProject\Debug\Main.o
 .debug_macro   0x00001362       0x16 C:\VScodeworkspace\04_SchedulerBase\04_SchedulerBase\WinIdeaProject\Debug\Main.o
 .debug_macro   0x00001378       0x43 C:\VScodeworkspace\04_SchedulerBase\04_SchedulerBase\WinIdeaProject\Debug\Main.o
 .debug_macro   0x000013bb      0x180 C:\VScodeworkspace\04_SchedulerBase\04_SchedulerBase\WinIdeaProject\Debug\Main.o
 .debug_macro   0x0000153b       0x10 C:\VScodeworkspace\04_SchedulerBase\04_SchedulerBase\WinIdeaProject\Debug\Main.o
 .debug_macro   0x0000154b       0x22 C:\VScodeworkspace\04_SchedulerBase\04_SchedulerBase\WinIdeaProject\Debug\Main.o
 .debug_macro   0x0000156d       0x22 C:\VScodeworkspace\04_SchedulerBase\04_SchedulerBase\WinIdeaProject\Debug\Main.o
 .debug_macro   0x0000158f       0xbe C:\VScodeworkspace\04_SchedulerBase\04_SchedulerBase\WinIdeaProject\Debug\Main.o
 .debug_macro   0x0000164d       0x16 C:\VScodeworkspace\04_SchedulerBase\04_SchedulerBase\WinIdeaProject\Debug\Main.o
 .debug_macro   0x00001663      0x166 C:\VScodeworkspace\04_SchedulerBase\04_SchedulerBase\WinIdeaProject\Debug\Main.o
 .debug_macro   0x000017c9       0xe3 C:\VScodeworkspace\04_SchedulerBase\04_SchedulerBase\WinIdeaProject\Debug\Main.o
 .debug_macro   0x000018ac      0x1df C:\VScodeworkspace\04_SchedulerBase\04_SchedulerBase\WinIdeaProject\Debug\Main.o
 .debug_macro   0x00001a8b       0x3b C:\VScodeworkspace\04_SchedulerBase\04_SchedulerBase\WinIdeaProject\Debug\Main.o
 .debug_macro   0x00001ac6       0x18 C:\VScodeworkspace\04_SchedulerBase\04_SchedulerBase\WinIdeaProject\Debug\Main.o
 .debug_macro   0x00001ade       0x26 C:\VScodeworkspace\04_SchedulerBase\04_SchedulerBase\WinIdeaProject\Debug\Main.o
 .debug_macro   0x00001b04      0xf9a C:\VScodeworkspace\04_SchedulerBase\04_SchedulerBase\WinIdeaProject\Debug\Main.o
 .debug_macro   0x00002a9e       0x3a C:\VScodeworkspace\04_SchedulerBase\04_SchedulerBase\WinIdeaProject\Debug\Main.o
 .debug_macro   0x00002ad8      0x9e1 C:\VScodeworkspace\04_SchedulerBase\04_SchedulerBase\WinIdeaProject\Debug\pmc.o
 .debug_macro   0x000034b9     0x1027 C:\VScodeworkspace\04_SchedulerBase\04_SchedulerBase\WinIdeaProject\Debug\pmc.o
 .debug_macro   0x000044e0       0x34 C:\VScodeworkspace\04_SchedulerBase\04_SchedulerBase\WinIdeaProject\Debug\pmc.o
 .debug_macro   0x00004514      0xb34 C:\VScodeworkspace\04_SchedulerBase\04_SchedulerBase\WinIdeaProject\Debug\SchM.o
 .debug_macro   0x00005048      0x1f4 C:\VScodeworkspace\04_SchedulerBase\04_SchedulerBase\WinIdeaProject\Debug\SchM.o
 .debug_macro   0x0000523c      0xb04 C:\VScodeworkspace\04_SchedulerBase\04_SchedulerBase\WinIdeaProject\Debug\SchM_Tasks.o
 .debug_macro   0x00005d40      0xb48 C:\VScodeworkspace\04_SchedulerBase\04_SchedulerBase\WinIdeaProject\Debug\Led_Ctrl.o
 .debug_macro   0x00006888     0x1028 C:\VScodeworkspace\04_SchedulerBase\04_SchedulerBase\WinIdeaProject\Debug\Led_Ctrl.o
 .debug_macro   0x000078b0      0x9e3 C:\VScodeworkspace\04_SchedulerBase\04_SchedulerBase\WinIdeaProject\Debug\Cstartup.o

.debug_line     0x00000000     0x172a
 .debug_line    0x00000000      0x452 C:\VScodeworkspace\04_SchedulerBase\04_SchedulerBase\WinIdeaProject\Debug\Main.o
 .debug_line    0x00000452      0x3b8 C:\VScodeworkspace\04_SchedulerBase\04_SchedulerBase\WinIdeaProject\Debug\pmc.o
 .debug_line    0x0000080a      0x462 C:\VScodeworkspace\04_SchedulerBase\04_SchedulerBase\WinIdeaProject\Debug\SchM.o
 .debug_line    0x00000c6c      0x459 C:\VScodeworkspace\04_SchedulerBase\04_SchedulerBase\WinIdeaProject\Debug\SchM_Tasks.o
 .debug_line    0x000010c5      0x447 C:\VScodeworkspace\04_SchedulerBase\04_SchedulerBase\WinIdeaProject\Debug\Led_Ctrl.o
 .debug_line    0x0000150c      0x21e C:\VScodeworkspace\04_SchedulerBase\04_SchedulerBase\WinIdeaProject\Debug\Cstartup.o

.debug_str      0x00000000    0x22dff
 .debug_str     0x00000000     0xc815 C:\VScodeworkspace\04_SchedulerBase\04_SchedulerBase\WinIdeaProject\Debug\Main.o
                               0xca2d (size before relaxing)
 .debug_str     0x0000c815     0x50da C:\VScodeworkspace\04_SchedulerBase\04_SchedulerBase\WinIdeaProject\Debug\pmc.o
                               0x81de (size before relaxing)
 .debug_str     0x000118ef      0x4c3 C:\VScodeworkspace\04_SchedulerBase\04_SchedulerBase\WinIdeaProject\Debug\SchM.o
                               0xcdd6 (size before relaxing)
 .debug_str     0x00011db2       0xd4 C:\VScodeworkspace\04_SchedulerBase\04_SchedulerBase\WinIdeaProject\Debug\SchM_Tasks.o
                               0xc5c5 (size before relaxing)
 .debug_str     0x00011e86    0x1098d C:\VScodeworkspace\04_SchedulerBase\04_SchedulerBase\WinIdeaProject\Debug\Led_Ctrl.o
                              0x21b0e (size before relaxing)
 .debug_str     0x00022813      0x5ec C:\VScodeworkspace\04_SchedulerBase\04_SchedulerBase\WinIdeaProject\Debug\Cstartup.o
                               0x9a81 (size before relaxing)

.comment        0x00000000       0x70
 .comment       0x00000000       0x70 C:\VScodeworkspace\04_SchedulerBase\04_SchedulerBase\WinIdeaProject\Debug\Main.o
                                 0x71 (size before relaxing)
 .comment       0x00000000       0x71 C:\VScodeworkspace\04_SchedulerBase\04_SchedulerBase\WinIdeaProject\Debug\pmc.o
 .comment       0x00000000       0x71 C:\VScodeworkspace\04_SchedulerBase\04_SchedulerBase\WinIdeaProject\Debug\SchM.o
 .comment       0x00000000       0x71 C:\VScodeworkspace\04_SchedulerBase\04_SchedulerBase\WinIdeaProject\Debug\SchM_Tasks.o
 .comment       0x00000000       0x71 C:\VScodeworkspace\04_SchedulerBase\04_SchedulerBase\WinIdeaProject\Debug\Led_Ctrl.o
 .comment       0x00000000       0x71 C:\VScodeworkspace\04_SchedulerBase\04_SchedulerBase\WinIdeaProject\Debug\Cstartup.o

.ARM.attributes
                0x00000000       0x37
 .ARM.attributes
                0x00000000       0x37 C:\VScodeworkspace\04_SchedulerBase\04_SchedulerBase\WinIdeaProject\Debug\Main.o
 .ARM.attributes
                0x00000037       0x37 C:\VScodeworkspace\04_SchedulerBase\04_SchedulerBase\WinIdeaProject\Debug\pmc.o
 .ARM.attributes
                0x0000006e       0x37 C:\VScodeworkspace\04_SchedulerBase\04_SchedulerBase\WinIdeaProject\Debug\SchM.o
 .ARM.attributes
                0x000000a5       0x37 C:\VScodeworkspace\04_SchedulerBase\04_SchedulerBase\WinIdeaProject\Debug\SchM_Tasks.o
 .ARM.attributes
                0x000000dc       0x37 C:\VScodeworkspace\04_SchedulerBase\04_SchedulerBase\WinIdeaProject\Debug\Led_Ctrl.o
 .ARM.attributes
                0x00000113       0x37 C:\VScodeworkspace\04_SchedulerBase\04_SchedulerBase\WinIdeaProject\Debug\Cstartup.o

.debug_frame    0x00000000      0x7a4
 .debug_frame   0x00000000       0xc4 C:\VScodeworkspace\04_SchedulerBase\04_SchedulerBase\WinIdeaProject\Debug\Main.o
 .debug_frame   0x000000c4      0x368 C:\VScodeworkspace\04_SchedulerBase\04_SchedulerBase\WinIdeaProject\Debug\pmc.o
 .debug_frame   0x0000042c      0x194 C:\VScodeworkspace\04_SchedulerBase\04_SchedulerBase\WinIdeaProject\Debug\SchM.o
 .debug_frame   0x000005c0      0x104 C:\VScodeworkspace\04_SchedulerBase\04_SchedulerBase\WinIdeaProject\Debug\SchM_Tasks.o
 .debug_frame   0x000006c4       0x98 C:\VScodeworkspace\04_SchedulerBase\04_SchedulerBase\WinIdeaProject\Debug\Led_Ctrl.o
 .debug_frame   0x0000075c       0x48 C:\VScodeworkspace\04_SchedulerBase\04_SchedulerBase\WinIdeaProject\Debug\Cstartup.o
