
Allocating common symbols
Common symbol       size              file

Dummy               0x4               C:\VScodeworkspace\04_SchedulerBase\04_SchedulerBase\WinIdeaProject\Debug\Main.o
SchM_Task_ID_Backup
                    0x1               C:\VScodeworkspace\04_SchedulerBase\04_SchedulerBase\WinIdeaProject\Debug\SchM.o
SchM_Task_ID_Activated
                    0x1               C:\VScodeworkspace\04_SchedulerBase\04_SchedulerBase\WinIdeaProject\Debug\SchM.o
Register            0x4               C:\VScodeworkspace\04_SchedulerBase\04_SchedulerBase\WinIdeaProject\Debug\Main.o
SchM_Counter        0x1               C:\VScodeworkspace\04_SchedulerBase\04_SchedulerBase\WinIdeaProject\Debug\SchM.o
SchM_10ms_Counter   0x1               C:\VScodeworkspace\04_SchedulerBase\04_SchedulerBase\WinIdeaProject\Debug\SchM.o
SchM_Status         0x1               C:\VScodeworkspace\04_SchedulerBase\04_SchedulerBase\WinIdeaProject\Debug\SchM.o
SchM_Task_ID_Running
                    0x1               C:\VScodeworkspace\04_SchedulerBase\04_SchedulerBase\WinIdeaProject\Debug\SchM.o
SchM_50ms_Counter   0x1               C:\VScodeworkspace\04_SchedulerBase\04_SchedulerBase\WinIdeaProject\Debug\SchM.o
SchM_100ms_Counter  0x1               C:\VScodeworkspace\04_SchedulerBase\04_SchedulerBase\WinIdeaProject\Debug\SchM.o

Discarded input sections

 .group         0x00000000        0x8 C:\VScodeworkspace\04_SchedulerBase\04_SchedulerBase\WinIdeaProject\Debug\Main.o
 .group         0x00000000        0x8 C:\VScodeworkspace\04_SchedulerBase\04_SchedulerBase\WinIdeaProject\Debug\Main.o
 .group         0x00000000        0x8 C:\VScodeworkspace\04_SchedulerBase\04_SchedulerBase\WinIdeaProject\Debug\Main.o
 .group         0x00000000        0x8 C:\VScodeworkspace\04_SchedulerBase\04_SchedulerBase\WinIdeaProject\Debug\Main.o
 .group         0x00000000        0x8 C:\VScodeworkspace\04_SchedulerBase\04_SchedulerBase\WinIdeaProject\Debug\Main.o
 .group         0x00000000        0x8 C:\VScodeworkspace\04_SchedulerBase\04_SchedulerBase\WinIdeaProject\Debug\Main.o
 .group         0x00000000        0x8 C:\VScodeworkspace\04_SchedulerBase\04_SchedulerBase\WinIdeaProject\Debug\Main.o
 .group         0x00000000        0x8 C:\VScodeworkspace\04_SchedulerBase\04_SchedulerBase\WinIdeaProject\Debug\Main.o
 .group         0x00000000        0x8 C:\VScodeworkspace\04_SchedulerBase\04_SchedulerBase\WinIdeaProject\Debug\Main.o
 .group         0x00000000        0x8 C:\VScodeworkspace\04_SchedulerBase\04_SchedulerBase\WinIdeaProject\Debug\Main.o
 .group         0x00000000        0x8 C:\VScodeworkspace\04_SchedulerBase\04_SchedulerBase\WinIdeaProject\Debug\Main.o
 .group         0x00000000        0x8 C:\VScodeworkspace\04_SchedulerBase\04_SchedulerBase\WinIdeaProject\Debug\Main.o
 .group         0x00000000        0x8 C:\VScodeworkspace\04_SchedulerBase\04_SchedulerBase\WinIdeaProject\Debug\Main.o
 .group         0x00000000        0x8 C:\VScodeworkspace\04_SchedulerBase\04_SchedulerBase\WinIdeaProject\Debug\Main.o
 .group         0x00000000        0x8 C:\VScodeworkspace\04_SchedulerBase\04_SchedulerBase\WinIdeaProject\Debug\Main.o
 .group         0x00000000        0x8 C:\VScodeworkspace\04_SchedulerBase\04_SchedulerBase\WinIdeaProject\Debug\Main.o
 .group         0x00000000        0x8 C:\VScodeworkspace\04_SchedulerBase\04_SchedulerBase\WinIdeaProject\Debug\Main.o
 .group         0x00000000        0x8 C:\VScodeworkspace\04_SchedulerBase\04_SchedulerBase\WinIdeaProject\Debug\Main.o
 .group         0x00000000        0x8 C:\VScodeworkspace\04_SchedulerBase\04_SchedulerBase\WinIdeaProject\Debug\Main.o
 .group         0x00000000        0x8 C:\VScodeworkspace\04_SchedulerBase\04_SchedulerBase\WinIdeaProject\Debug\Main.o
 .group         0x00000000        0x8 C:\VScodeworkspace\04_SchedulerBase\04_SchedulerBase\WinIdeaProject\Debug\Main.o
 .group         0x00000000        0x8 C:\VScodeworkspace\04_SchedulerBase\04_SchedulerBase\WinIdeaProject\Debug\Main.o
 .group         0x00000000        0x8 C:\VScodeworkspace\04_SchedulerBase\04_SchedulerBase\WinIdeaProject\Debug\Main.o
 .group         0x00000000        0x8 C:\VScodeworkspace\04_SchedulerBase\04_SchedulerBase\WinIdeaProject\Debug\Main.o
 .group         0x00000000        0x8 C:\VScodeworkspace\04_SchedulerBase\04_SchedulerBase\WinIdeaProject\Debug\Main.o
 .group         0x00000000        0x8 C:\VScodeworkspace\04_SchedulerBase\04_SchedulerBase\WinIdeaProject\Debug\Main.o
 .group         0x00000000        0x8 C:\VScodeworkspace\04_SchedulerBase\04_SchedulerBase\WinIdeaProject\Debug\Main.o
 .group         0x00000000        0x8 C:\VScodeworkspace\04_SchedulerBase\04_SchedulerBase\WinIdeaProject\Debug\Main.o
 .group         0x00000000        0x8 C:\VScodeworkspace\04_SchedulerBase\04_SchedulerBase\WinIdeaProject\Debug\Main.o
 .data          0x00000000        0x0 C:\VScodeworkspace\04_SchedulerBase\04_SchedulerBase\WinIdeaProject\Debug\Main.o
 .group         0x00000000        0x8 C:\VScodeworkspace\04_SchedulerBase\04_SchedulerBase\WinIdeaProject\Debug\pio.o
 .group         0x00000000        0x8 C:\VScodeworkspace\04_SchedulerBase\04_SchedulerBase\WinIdeaProject\Debug\pio.o
 .group         0x00000000        0x8 C:\VScodeworkspace\04_SchedulerBase\04_SchedulerBase\WinIdeaProject\Debug\pio.o
 .group         0x00000000        0x8 C:\VScodeworkspace\04_SchedulerBase\04_SchedulerBase\WinIdeaProject\Debug\pio.o
 .group         0x00000000        0x8 C:\VScodeworkspace\04_SchedulerBase\04_SchedulerBase\WinIdeaProject\Debug\pio.o
 .group         0x00000000        0x8 C:\VScodeworkspace\04_SchedulerBase\04_SchedulerBase\WinIdeaProject\Debug\pio.o
 .group         0x00000000        0x8 C:\VScodeworkspace\04_SchedulerBase\04_SchedulerBase\WinIdeaProject\Debug\pio.o
 .text          0x00000000      0x534 C:\VScodeworkspace\04_SchedulerBase\04_SchedulerBase\WinIdeaProject\Debug\pio.o
 .data          0x00000000        0x0 C:\VScodeworkspace\04_SchedulerBase\04_SchedulerBase\WinIdeaProject\Debug\pio.o
 .bss           0x00000000        0x0 C:\VScodeworkspace\04_SchedulerBase\04_SchedulerBase\WinIdeaProject\Debug\pio.o
 .debug_info    0x00000000      0x99e C:\VScodeworkspace\04_SchedulerBase\04_SchedulerBase\WinIdeaProject\Debug\pio.o
 .debug_abbrev  0x00000000      0x17b C:\VScodeworkspace\04_SchedulerBase\04_SchedulerBase\WinIdeaProject\Debug\pio.o
 .debug_aranges
                0x00000000       0x20 C:\VScodeworkspace\04_SchedulerBase\04_SchedulerBase\WinIdeaProject\Debug\pio.o
 .debug_macro   0x00000000      0x9d5 C:\VScodeworkspace\04_SchedulerBase\04_SchedulerBase\WinIdeaProject\Debug\pio.o
 .debug_macro   0x00000000       0x22 C:\VScodeworkspace\04_SchedulerBase\04_SchedulerBase\WinIdeaProject\Debug\pio.o
 .debug_macro   0x00000000       0x44 C:\VScodeworkspace\04_SchedulerBase\04_SchedulerBase\WinIdeaProject\Debug\pio.o
 .debug_macro   0x00000000       0xe3 C:\VScodeworkspace\04_SchedulerBase\04_SchedulerBase\WinIdeaProject\Debug\pio.o
 .debug_macro   0x00000000       0x22 C:\VScodeworkspace\04_SchedulerBase\04_SchedulerBase\WinIdeaProject\Debug\pio.o
 .debug_macro   0x00000000      0x1df C:\VScodeworkspace\04_SchedulerBase\04_SchedulerBase\WinIdeaProject\Debug\pio.o
 .debug_macro   0x00000000     0x2bc6 C:\VScodeworkspace\04_SchedulerBase\04_SchedulerBase\WinIdeaProject\Debug\pio.o
 .debug_macro   0x00000000       0x91 C:\VScodeworkspace\04_SchedulerBase\04_SchedulerBase\WinIdeaProject\Debug\pio.o
 .debug_line    0x00000000      0x2ce C:\VScodeworkspace\04_SchedulerBase\04_SchedulerBase\WinIdeaProject\Debug\pio.o
 .debug_str     0x00000000     0xe18e C:\VScodeworkspace\04_SchedulerBase\04_SchedulerBase\WinIdeaProject\Debug\pio.o
 .comment       0x00000000       0x71 C:\VScodeworkspace\04_SchedulerBase\04_SchedulerBase\WinIdeaProject\Debug\pio.o
 .debug_frame   0x00000000      0x294 C:\VScodeworkspace\04_SchedulerBase\04_SchedulerBase\WinIdeaProject\Debug\pio.o
 .ARM.attributes
                0x00000000       0x37 C:\VScodeworkspace\04_SchedulerBase\04_SchedulerBase\WinIdeaProject\Debug\pio.o
 .group         0x00000000        0x8 C:\VScodeworkspace\04_SchedulerBase\04_SchedulerBase\WinIdeaProject\Debug\pmc.o
 .group         0x00000000        0x8 C:\VScodeworkspace\04_SchedulerBase\04_SchedulerBase\WinIdeaProject\Debug\pmc.o
 .group         0x00000000        0x8 C:\VScodeworkspace\04_SchedulerBase\04_SchedulerBase\WinIdeaProject\Debug\pmc.o
 .group         0x00000000        0x8 C:\VScodeworkspace\04_SchedulerBase\04_SchedulerBase\WinIdeaProject\Debug\pmc.o
 .group         0x00000000        0x8 C:\VScodeworkspace\04_SchedulerBase\04_SchedulerBase\WinIdeaProject\Debug\pmc.o
 .group         0x00000000        0x8 C:\VScodeworkspace\04_SchedulerBase\04_SchedulerBase\WinIdeaProject\Debug\pmc.o
 .group         0x00000000        0x8 C:\VScodeworkspace\04_SchedulerBase\04_SchedulerBase\WinIdeaProject\Debug\pmc.o
 .data          0x00000000        0x0 C:\VScodeworkspace\04_SchedulerBase\04_SchedulerBase\WinIdeaProject\Debug\pmc.o
 .bss           0x00000000        0x0 C:\VScodeworkspace\04_SchedulerBase\04_SchedulerBase\WinIdeaProject\Debug\pmc.o
 .debug_macro   0x00000000       0x22 C:\VScodeworkspace\04_SchedulerBase\04_SchedulerBase\WinIdeaProject\Debug\pmc.o
 .debug_macro   0x00000000       0x44 C:\VScodeworkspace\04_SchedulerBase\04_SchedulerBase\WinIdeaProject\Debug\pmc.o
 .debug_macro   0x00000000       0xe3 C:\VScodeworkspace\04_SchedulerBase\04_SchedulerBase\WinIdeaProject\Debug\pmc.o
 .debug_macro   0x00000000       0x22 C:\VScodeworkspace\04_SchedulerBase\04_SchedulerBase\WinIdeaProject\Debug\pmc.o
 .debug_macro   0x00000000      0x1df C:\VScodeworkspace\04_SchedulerBase\04_SchedulerBase\WinIdeaProject\Debug\pmc.o
 .group         0x00000000        0x8 C:\VScodeworkspace\04_SchedulerBase\04_SchedulerBase\WinIdeaProject\Debug\tc.o
 .group         0x00000000        0x8 C:\VScodeworkspace\04_SchedulerBase\04_SchedulerBase\WinIdeaProject\Debug\tc.o
 .group         0x00000000        0x8 C:\VScodeworkspace\04_SchedulerBase\04_SchedulerBase\WinIdeaProject\Debug\tc.o
 .group         0x00000000        0x8 C:\VScodeworkspace\04_SchedulerBase\04_SchedulerBase\WinIdeaProject\Debug\tc.o
 .group         0x00000000        0x8 C:\VScodeworkspace\04_SchedulerBase\04_SchedulerBase\WinIdeaProject\Debug\tc.o
 .group         0x00000000        0x8 C:\VScodeworkspace\04_SchedulerBase\04_SchedulerBase\WinIdeaProject\Debug\tc.o
 .text          0x00000000      0x130 C:\VScodeworkspace\04_SchedulerBase\04_SchedulerBase\WinIdeaProject\Debug\tc.o
 .data          0x00000000        0x0 C:\VScodeworkspace\04_SchedulerBase\04_SchedulerBase\WinIdeaProject\Debug\tc.o
 .bss           0x00000000        0x0 C:\VScodeworkspace\04_SchedulerBase\04_SchedulerBase\WinIdeaProject\Debug\tc.o
 .rodata        0x00000000       0x14 C:\VScodeworkspace\04_SchedulerBase\04_SchedulerBase\WinIdeaProject\Debug\tc.o
 .debug_info    0x00000000      0x38f C:\VScodeworkspace\04_SchedulerBase\04_SchedulerBase\WinIdeaProject\Debug\tc.o
 .debug_abbrev  0x00000000       0xed C:\VScodeworkspace\04_SchedulerBase\04_SchedulerBase\WinIdeaProject\Debug\tc.o
 .debug_aranges
                0x00000000       0x20 C:\VScodeworkspace\04_SchedulerBase\04_SchedulerBase\WinIdeaProject\Debug\tc.o
 .debug_macro   0x00000000      0x9d0 C:\VScodeworkspace\04_SchedulerBase\04_SchedulerBase\WinIdeaProject\Debug\tc.o
 .debug_macro   0x00000000       0x22 C:\VScodeworkspace\04_SchedulerBase\04_SchedulerBase\WinIdeaProject\Debug\tc.o
 .debug_macro   0x00000000       0x44 C:\VScodeworkspace\04_SchedulerBase\04_SchedulerBase\WinIdeaProject\Debug\tc.o
 .debug_macro   0x00000000       0xe3 C:\VScodeworkspace\04_SchedulerBase\04_SchedulerBase\WinIdeaProject\Debug\tc.o
 .debug_macro   0x00000000       0x22 C:\VScodeworkspace\04_SchedulerBase\04_SchedulerBase\WinIdeaProject\Debug\tc.o
 .debug_macro   0x00000000      0x1df C:\VScodeworkspace\04_SchedulerBase\04_SchedulerBase\WinIdeaProject\Debug\tc.o
 .debug_macro   0x00000000      0x6cb C:\VScodeworkspace\04_SchedulerBase\04_SchedulerBase\WinIdeaProject\Debug\tc.o
 .debug_line    0x00000000      0x23a C:\VScodeworkspace\04_SchedulerBase\04_SchedulerBase\WinIdeaProject\Debug\tc.o
 .debug_str     0x00000000     0x54c9 C:\VScodeworkspace\04_SchedulerBase\04_SchedulerBase\WinIdeaProject\Debug\tc.o
 .comment       0x00000000       0x71 C:\VScodeworkspace\04_SchedulerBase\04_SchedulerBase\WinIdeaProject\Debug\tc.o
 .debug_frame   0x00000000       0xb4 C:\VScodeworkspace\04_SchedulerBase\04_SchedulerBase\WinIdeaProject\Debug\tc.o
 .ARM.attributes
                0x00000000       0x37 C:\VScodeworkspace\04_SchedulerBase\04_SchedulerBase\WinIdeaProject\Debug\tc.o
 .group         0x00000000        0x8 C:\VScodeworkspace\04_SchedulerBase\04_SchedulerBase\WinIdeaProject\Debug\SchM.o
 .group         0x00000000        0x8 C:\VScodeworkspace\04_SchedulerBase\04_SchedulerBase\WinIdeaProject\Debug\SchM.o
 .group         0x00000000        0x8 C:\VScodeworkspace\04_SchedulerBase\04_SchedulerBase\WinIdeaProject\Debug\SchM.o
 .group         0x00000000        0x8 C:\VScodeworkspace\04_SchedulerBase\04_SchedulerBase\WinIdeaProject\Debug\SchM.o
 .group         0x00000000        0x8 C:\VScodeworkspace\04_SchedulerBase\04_SchedulerBase\WinIdeaProject\Debug\SchM.o
 .group         0x00000000        0x8 C:\VScodeworkspace\04_SchedulerBase\04_SchedulerBase\WinIdeaProject\Debug\SchM.o
 .group         0x00000000        0x8 C:\VScodeworkspace\04_SchedulerBase\04_SchedulerBase\WinIdeaProject\Debug\SchM.o
 .group         0x00000000        0x8 C:\VScodeworkspace\04_SchedulerBase\04_SchedulerBase\WinIdeaProject\Debug\SchM.o
 .group         0x00000000        0x8 C:\VScodeworkspace\04_SchedulerBase\04_SchedulerBase\WinIdeaProject\Debug\SchM.o
 .group         0x00000000        0x8 C:\VScodeworkspace\04_SchedulerBase\04_SchedulerBase\WinIdeaProject\Debug\SchM.o
 .group         0x00000000        0x8 C:\VScodeworkspace\04_SchedulerBase\04_SchedulerBase\WinIdeaProject\Debug\SchM.o
 .group         0x00000000        0x8 C:\VScodeworkspace\04_SchedulerBase\04_SchedulerBase\WinIdeaProject\Debug\SchM.o
 .group         0x00000000        0x8 C:\VScodeworkspace\04_SchedulerBase\04_SchedulerBase\WinIdeaProject\Debug\SchM.o
 .group         0x00000000        0x8 C:\VScodeworkspace\04_SchedulerBase\04_SchedulerBase\WinIdeaProject\Debug\SchM.o
 .group         0x00000000        0x8 C:\VScodeworkspace\04_SchedulerBase\04_SchedulerBase\WinIdeaProject\Debug\SchM.o
 .group         0x00000000        0x8 C:\VScodeworkspace\04_SchedulerBase\04_SchedulerBase\WinIdeaProject\Debug\SchM.o
 .group         0x00000000        0x8 C:\VScodeworkspace\04_SchedulerBase\04_SchedulerBase\WinIdeaProject\Debug\SchM.o
 .group         0x00000000        0x8 C:\VScodeworkspace\04_SchedulerBase\04_SchedulerBase\WinIdeaProject\Debug\SchM.o
 .group         0x00000000        0x8 C:\VScodeworkspace\04_SchedulerBase\04_SchedulerBase\WinIdeaProject\Debug\SchM.o
 .group         0x00000000        0x8 C:\VScodeworkspace\04_SchedulerBase\04_SchedulerBase\WinIdeaProject\Debug\SchM.o
 .group         0x00000000        0x8 C:\VScodeworkspace\04_SchedulerBase\04_SchedulerBase\WinIdeaProject\Debug\SchM.o
 .group         0x00000000        0x8 C:\VScodeworkspace\04_SchedulerBase\04_SchedulerBase\WinIdeaProject\Debug\SchM.o
 .group         0x00000000        0x8 C:\VScodeworkspace\04_SchedulerBase\04_SchedulerBase\WinIdeaProject\Debug\SchM.o
 .group         0x00000000        0x8 C:\VScodeworkspace\04_SchedulerBase\04_SchedulerBase\WinIdeaProject\Debug\SchM.o
 .group         0x00000000        0x8 C:\VScodeworkspace\04_SchedulerBase\04_SchedulerBase\WinIdeaProject\Debug\SchM.o
 .group         0x00000000        0x8 C:\VScodeworkspace\04_SchedulerBase\04_SchedulerBase\WinIdeaProject\Debug\SchM.o
 .group         0x00000000        0x8 C:\VScodeworkspace\04_SchedulerBase\04_SchedulerBase\WinIdeaProject\Debug\SchM.o
 .group         0x00000000        0x8 C:\VScodeworkspace\04_SchedulerBase\04_SchedulerBase\WinIdeaProject\Debug\SchM.o
 .group         0x00000000        0x8 C:\VScodeworkspace\04_SchedulerBase\04_SchedulerBase\WinIdeaProject\Debug\SchM.o
 .data          0x00000000        0x0 C:\VScodeworkspace\04_SchedulerBase\04_SchedulerBase\WinIdeaProject\Debug\SchM.o
 .debug_macro   0x00000000       0x22 C:\VScodeworkspace\04_SchedulerBase\04_SchedulerBase\WinIdeaProject\Debug\SchM.o
 .debug_macro   0x00000000       0x58 C:\VScodeworkspace\04_SchedulerBase\04_SchedulerBase\WinIdeaProject\Debug\SchM.o
 .debug_macro   0x00000000       0x22 C:\VScodeworkspace\04_SchedulerBase\04_SchedulerBase\WinIdeaProject\Debug\SchM.o
 .debug_macro   0x00000000       0x35 C:\VScodeworkspace\04_SchedulerBase\04_SchedulerBase\WinIdeaProject\Debug\SchM.o
 .debug_macro   0x00000000       0x9c C:\VScodeworkspace\04_SchedulerBase\04_SchedulerBase\WinIdeaProject\Debug\SchM.o
 .debug_macro   0x00000000       0x16 C:\VScodeworkspace\04_SchedulerBase\04_SchedulerBase\WinIdeaProject\Debug\SchM.o
 .debug_macro   0x00000000       0x4a C:\VScodeworkspace\04_SchedulerBase\04_SchedulerBase\WinIdeaProject\Debug\SchM.o
 .debug_macro   0x00000000       0x97 C:\VScodeworkspace\04_SchedulerBase\04_SchedulerBase\WinIdeaProject\Debug\SchM.o
 .debug_macro   0x00000000      0x29d C:\VScodeworkspace\04_SchedulerBase\04_SchedulerBase\WinIdeaProject\Debug\SchM.o
 .debug_macro   0x00000000       0xef C:\VScodeworkspace\04_SchedulerBase\04_SchedulerBase\WinIdeaProject\Debug\SchM.o
 .debug_macro   0x00000000       0x10 C:\VScodeworkspace\04_SchedulerBase\04_SchedulerBase\WinIdeaProject\Debug\SchM.o
 .debug_macro   0x00000000       0x52 C:\VScodeworkspace\04_SchedulerBase\04_SchedulerBase\WinIdeaProject\Debug\SchM.o
 .debug_macro   0x00000000       0x16 C:\VScodeworkspace\04_SchedulerBase\04_SchedulerBase\WinIdeaProject\Debug\SchM.o
 .debug_macro   0x00000000       0x43 C:\VScodeworkspace\04_SchedulerBase\04_SchedulerBase\WinIdeaProject\Debug\SchM.o
 .debug_macro   0x00000000      0x180 C:\VScodeworkspace\04_SchedulerBase\04_SchedulerBase\WinIdeaProject\Debug\SchM.o
 .debug_macro   0x00000000       0x10 C:\VScodeworkspace\04_SchedulerBase\04_SchedulerBase\WinIdeaProject\Debug\SchM.o
 .debug_macro   0x00000000       0x22 C:\VScodeworkspace\04_SchedulerBase\04_SchedulerBase\WinIdeaProject\Debug\SchM.o
 .debug_macro   0x00000000       0x22 C:\VScodeworkspace\04_SchedulerBase\04_SchedulerBase\WinIdeaProject\Debug\SchM.o
 .debug_macro   0x00000000       0xbe C:\VScodeworkspace\04_SchedulerBase\04_SchedulerBase\WinIdeaProject\Debug\SchM.o
 .debug_macro   0x00000000       0x16 C:\VScodeworkspace\04_SchedulerBase\04_SchedulerBase\WinIdeaProject\Debug\SchM.o
 .debug_macro   0x00000000      0x166 C:\VScodeworkspace\04_SchedulerBase\04_SchedulerBase\WinIdeaProject\Debug\SchM.o
 .debug_macro   0x00000000       0xe3 C:\VScodeworkspace\04_SchedulerBase\04_SchedulerBase\WinIdeaProject\Debug\SchM.o
 .debug_macro   0x00000000      0x1df C:\VScodeworkspace\04_SchedulerBase\04_SchedulerBase\WinIdeaProject\Debug\SchM.o
 .debug_macro   0x00000000       0x3b C:\VScodeworkspace\04_SchedulerBase\04_SchedulerBase\WinIdeaProject\Debug\SchM.o
 .debug_macro   0x00000000       0x18 C:\VScodeworkspace\04_SchedulerBase\04_SchedulerBase\WinIdeaProject\Debug\SchM.o
 .debug_macro   0x00000000       0x26 C:\VScodeworkspace\04_SchedulerBase\04_SchedulerBase\WinIdeaProject\Debug\SchM.o
 .debug_macro   0x00000000      0xf9a C:\VScodeworkspace\04_SchedulerBase\04_SchedulerBase\WinIdeaProject\Debug\SchM.o
 .debug_macro   0x00000000       0x3a C:\VScodeworkspace\04_SchedulerBase\04_SchedulerBase\WinIdeaProject\Debug\SchM.o
 .group         0x00000000        0x8 C:\VScodeworkspace\04_SchedulerBase\04_SchedulerBase\WinIdeaProject\Debug\SchM_Tasks.o
 .group         0x00000000        0x8 C:\VScodeworkspace\04_SchedulerBase\04_SchedulerBase\WinIdeaProject\Debug\SchM_Tasks.o
 .group         0x00000000        0x8 C:\VScodeworkspace\04_SchedulerBase\04_SchedulerBase\WinIdeaProject\Debug\SchM_Tasks.o
 .group         0x00000000        0x8 C:\VScodeworkspace\04_SchedulerBase\04_SchedulerBase\WinIdeaProject\Debug\SchM_Tasks.o
 .group         0x00000000        0x8 C:\VScodeworkspace\04_SchedulerBase\04_SchedulerBase\WinIdeaProject\Debug\SchM_Tasks.o
 .group         0x00000000        0x8 C:\VScodeworkspace\04_SchedulerBase\04_SchedulerBase\WinIdeaProject\Debug\SchM_Tasks.o
 .group         0x00000000        0x8 C:\VScodeworkspace\04_SchedulerBase\04_SchedulerBase\WinIdeaProject\Debug\SchM_Tasks.o
 .group         0x00000000        0x8 C:\VScodeworkspace\04_SchedulerBase\04_SchedulerBase\WinIdeaProject\Debug\SchM_Tasks.o
 .group         0x00000000        0x8 C:\VScodeworkspace\04_SchedulerBase\04_SchedulerBase\WinIdeaProject\Debug\SchM_Tasks.o
 .group         0x00000000        0x8 C:\VScodeworkspace\04_SchedulerBase\04_SchedulerBase\WinIdeaProject\Debug\SchM_Tasks.o
 .group         0x00000000        0x8 C:\VScodeworkspace\04_SchedulerBase\04_SchedulerBase\WinIdeaProject\Debug\SchM_Tasks.o
 .group         0x00000000        0x8 C:\VScodeworkspace\04_SchedulerBase\04_SchedulerBase\WinIdeaProject\Debug\SchM_Tasks.o
 .group         0x00000000        0x8 C:\VScodeworkspace\04_SchedulerBase\04_SchedulerBase\WinIdeaProject\Debug\SchM_Tasks.o
 .group         0x00000000        0x8 C:\VScodeworkspace\04_SchedulerBase\04_SchedulerBase\WinIdeaProject\Debug\SchM_Tasks.o
 .group         0x00000000        0x8 C:\VScodeworkspace\04_SchedulerBase\04_SchedulerBase\WinIdeaProject\Debug\SchM_Tasks.o
 .group         0x00000000        0x8 C:\VScodeworkspace\04_SchedulerBase\04_SchedulerBase\WinIdeaProject\Debug\SchM_Tasks.o
 .group         0x00000000        0x8 C:\VScodeworkspace\04_SchedulerBase\04_SchedulerBase\WinIdeaProject\Debug\SchM_Tasks.o
 .group         0x00000000        0x8 C:\VScodeworkspace\04_SchedulerBase\04_SchedulerBase\WinIdeaProject\Debug\SchM_Tasks.o
 .group         0x00000000        0x8 C:\VScodeworkspace\04_SchedulerBase\04_SchedulerBase\WinIdeaProject\Debug\SchM_Tasks.o
 .group         0x00000000        0x8 C:\VScodeworkspace\04_SchedulerBase\04_SchedulerBase\WinIdeaProject\Debug\SchM_Tasks.o
 .group         0x00000000        0x8 C:\VScodeworkspace\04_SchedulerBase\04_SchedulerBase\WinIdeaProject\Debug\SchM_Tasks.o
 .group         0x00000000        0x8 C:\VScodeworkspace\04_SchedulerBase\04_SchedulerBase\WinIdeaProject\Debug\SchM_Tasks.o
 .group         0x00000000        0x8 C:\VScodeworkspace\04_SchedulerBase\04_SchedulerBase\WinIdeaProject\Debug\SchM_Tasks.o
 .group         0x00000000        0x8 C:\VScodeworkspace\04_SchedulerBase\04_SchedulerBase\WinIdeaProject\Debug\SchM_Tasks.o
 .group         0x00000000        0x8 C:\VScodeworkspace\04_SchedulerBase\04_SchedulerBase\WinIdeaProject\Debug\SchM_Tasks.o
 .group         0x00000000        0x8 C:\VScodeworkspace\04_SchedulerBase\04_SchedulerBase\WinIdeaProject\Debug\SchM_Tasks.o
 .group         0x00000000        0x8 C:\VScodeworkspace\04_SchedulerBase\04_SchedulerBase\WinIdeaProject\Debug\SchM_Tasks.o
 .group         0x00000000        0x8 C:\VScodeworkspace\04_SchedulerBase\04_SchedulerBase\WinIdeaProject\Debug\SchM_Tasks.o
 .group         0x00000000        0x8 C:\VScodeworkspace\04_SchedulerBase\04_SchedulerBase\WinIdeaProject\Debug\SchM_Tasks.o
 .data          0x00000000        0x0 C:\VScodeworkspace\04_SchedulerBase\04_SchedulerBase\WinIdeaProject\Debug\SchM_Tasks.o
 .debug_macro   0x00000000       0x22 C:\VScodeworkspace\04_SchedulerBase\04_SchedulerBase\WinIdeaProject\Debug\SchM_Tasks.o
 .debug_macro   0x00000000       0x58 C:\VScodeworkspace\04_SchedulerBase\04_SchedulerBase\WinIdeaProject\Debug\SchM_Tasks.o
 .debug_macro   0x00000000       0x22 C:\VScodeworkspace\04_SchedulerBase\04_SchedulerBase\WinIdeaProject\Debug\SchM_Tasks.o
 .debug_macro   0x00000000       0x35 C:\VScodeworkspace\04_SchedulerBase\04_SchedulerBase\WinIdeaProject\Debug\SchM_Tasks.o
 .debug_macro   0x00000000       0x9c C:\VScodeworkspace\04_SchedulerBase\04_SchedulerBase\WinIdeaProject\Debug\SchM_Tasks.o
 .debug_macro   0x00000000       0x16 C:\VScodeworkspace\04_SchedulerBase\04_SchedulerBase\WinIdeaProject\Debug\SchM_Tasks.o
 .debug_macro   0x00000000       0x4a C:\VScodeworkspace\04_SchedulerBase\04_SchedulerBase\WinIdeaProject\Debug\SchM_Tasks.o
 .debug_macro   0x00000000       0x97 C:\VScodeworkspace\04_SchedulerBase\04_SchedulerBase\WinIdeaProject\Debug\SchM_Tasks.o
 .debug_macro   0x00000000      0x29d C:\VScodeworkspace\04_SchedulerBase\04_SchedulerBase\WinIdeaProject\Debug\SchM_Tasks.o
 .debug_macro   0x00000000       0xef C:\VScodeworkspace\04_SchedulerBase\04_SchedulerBase\WinIdeaProject\Debug\SchM_Tasks.o
 .debug_macro   0x00000000       0x10 C:\VScodeworkspace\04_SchedulerBase\04_SchedulerBase\WinIdeaProject\Debug\SchM_Tasks.o
 .debug_macro   0x00000000       0x52 C:\VScodeworkspace\04_SchedulerBase\04_SchedulerBase\WinIdeaProject\Debug\SchM_Tasks.o
 .debug_macro   0x00000000       0x16 C:\VScodeworkspace\04_SchedulerBase\04_SchedulerBase\WinIdeaProject\Debug\SchM_Tasks.o
 .debug_macro   0x00000000       0x43 C:\VScodeworkspace\04_SchedulerBase\04_SchedulerBase\WinIdeaProject\Debug\SchM_Tasks.o
 .debug_macro   0x00000000      0x180 C:\VScodeworkspace\04_SchedulerBase\04_SchedulerBase\WinIdeaProject\Debug\SchM_Tasks.o
 .debug_macro   0x00000000       0x10 C:\VScodeworkspace\04_SchedulerBase\04_SchedulerBase\WinIdeaProject\Debug\SchM_Tasks.o
 .debug_macro   0x00000000       0x22 C:\VScodeworkspace\04_SchedulerBase\04_SchedulerBase\WinIdeaProject\Debug\SchM_Tasks.o
 .debug_macro   0x00000000       0x22 C:\VScodeworkspace\04_SchedulerBase\04_SchedulerBase\WinIdeaProject\Debug\SchM_Tasks.o
 .debug_macro   0x00000000       0xbe C:\VScodeworkspace\04_SchedulerBase\04_SchedulerBase\WinIdeaProject\Debug\SchM_Tasks.o
 .debug_macro   0x00000000       0x16 C:\VScodeworkspace\04_SchedulerBase\04_SchedulerBase\WinIdeaProject\Debug\SchM_Tasks.o
 .debug_macro   0x00000000      0x166 C:\VScodeworkspace\04_SchedulerBase\04_SchedulerBase\WinIdeaProject\Debug\SchM_Tasks.o
 .debug_macro   0x00000000       0xe3 C:\VScodeworkspace\04_SchedulerBase\04_SchedulerBase\WinIdeaProject\Debug\SchM_Tasks.o
 .debug_macro   0x00000000      0x1df C:\VScodeworkspace\04_SchedulerBase\04_SchedulerBase\WinIdeaProject\Debug\SchM_Tasks.o
 .debug_macro   0x00000000      0x1f4 C:\VScodeworkspace\04_SchedulerBase\04_SchedulerBase\WinIdeaProject\Debug\SchM_Tasks.o
 .debug_macro   0x00000000       0x3b C:\VScodeworkspace\04_SchedulerBase\04_SchedulerBase\WinIdeaProject\Debug\SchM_Tasks.o
 .debug_macro   0x00000000       0x18 C:\VScodeworkspace\04_SchedulerBase\04_SchedulerBase\WinIdeaProject\Debug\SchM_Tasks.o
 .debug_macro   0x00000000       0x26 C:\VScodeworkspace\04_SchedulerBase\04_SchedulerBase\WinIdeaProject\Debug\SchM_Tasks.o
 .debug_macro   0x00000000      0xf9a C:\VScodeworkspace\04_SchedulerBase\04_SchedulerBase\WinIdeaProject\Debug\SchM_Tasks.o
 .debug_macro   0x00000000       0x3a C:\VScodeworkspace\04_SchedulerBase\04_SchedulerBase\WinIdeaProject\Debug\SchM_Tasks.o
 .group         0x00000000        0x8 C:\VScodeworkspace\04_SchedulerBase\04_SchedulerBase\WinIdeaProject\Debug\Led_Ctrl.o
 .group         0x00000000        0x8 C:\VScodeworkspace\04_SchedulerBase\04_SchedulerBase\WinIdeaProject\Debug\Led_Ctrl.o
 .group         0x00000000        0x8 C:\VScodeworkspace\04_SchedulerBase\04_SchedulerBase\WinIdeaProject\Debug\Led_Ctrl.o
 .group         0x00000000        0x8 C:\VScodeworkspace\04_SchedulerBase\04_SchedulerBase\WinIdeaProject\Debug\Led_Ctrl.o
 .group         0x00000000        0x8 C:\VScodeworkspace\04_SchedulerBase\04_SchedulerBase\WinIdeaProject\Debug\Led_Ctrl.o
 .group         0x00000000        0x8 C:\VScodeworkspace\04_SchedulerBase\04_SchedulerBase\WinIdeaProject\Debug\Led_Ctrl.o
 .group         0x00000000        0x8 C:\VScodeworkspace\04_SchedulerBase\04_SchedulerBase\WinIdeaProject\Debug\Led_Ctrl.o
 .group         0x00000000        0x8 C:\VScodeworkspace\04_SchedulerBase\04_SchedulerBase\WinIdeaProject\Debug\Led_Ctrl.o
 .group         0x00000000        0x8 C:\VScodeworkspace\04_SchedulerBase\04_SchedulerBase\WinIdeaProject\Debug\Led_Ctrl.o
 .group         0x00000000        0x8 C:\VScodeworkspace\04_SchedulerBase\04_SchedulerBase\WinIdeaProject\Debug\Led_Ctrl.o
 .group         0x00000000        0x8 C:\VScodeworkspace\04_SchedulerBase\04_SchedulerBase\WinIdeaProject\Debug\Led_Ctrl.o
 .group         0x00000000        0x8 C:\VScodeworkspace\04_SchedulerBase\04_SchedulerBase\WinIdeaProject\Debug\Led_Ctrl.o
 .group         0x00000000        0x8 C:\VScodeworkspace\04_SchedulerBase\04_SchedulerBase\WinIdeaProject\Debug\Led_Ctrl.o
 .group         0x00000000        0x8 C:\VScodeworkspace\04_SchedulerBase\04_SchedulerBase\WinIdeaProject\Debug\Led_Ctrl.o
 .group         0x00000000        0x8 C:\VScodeworkspace\04_SchedulerBase\04_SchedulerBase\WinIdeaProject\Debug\Led_Ctrl.o
 .group         0x00000000        0x8 C:\VScodeworkspace\04_SchedulerBase\04_SchedulerBase\WinIdeaProject\Debug\Led_Ctrl.o
 .group         0x00000000        0x8 C:\VScodeworkspace\04_SchedulerBase\04_SchedulerBase\WinIdeaProject\Debug\Led_Ctrl.o
 .group         0x00000000        0x8 C:\VScodeworkspace\04_SchedulerBase\04_SchedulerBase\WinIdeaProject\Debug\Led_Ctrl.o
 .group         0x00000000        0x8 C:\VScodeworkspace\04_SchedulerBase\04_SchedulerBase\WinIdeaProject\Debug\Led_Ctrl.o
 .group         0x00000000        0x8 C:\VScodeworkspace\04_SchedulerBase\04_SchedulerBase\WinIdeaProject\Debug\Led_Ctrl.o
 .group         0x00000000        0x8 C:\VScodeworkspace\04_SchedulerBase\04_SchedulerBase\WinIdeaProject\Debug\Led_Ctrl.o
 .group         0x00000000        0x8 C:\VScodeworkspace\04_SchedulerBase\04_SchedulerBase\WinIdeaProject\Debug\Led_Ctrl.o
 .group         0x00000000        0x8 C:\VScodeworkspace\04_SchedulerBase\04_SchedulerBase\WinIdeaProject\Debug\Led_Ctrl.o
 .group         0x00000000        0x8 C:\VScodeworkspace\04_SchedulerBase\04_SchedulerBase\WinIdeaProject\Debug\Led_Ctrl.o
 .group         0x00000000        0x8 C:\VScodeworkspace\04_SchedulerBase\04_SchedulerBase\WinIdeaProject\Debug\Led_Ctrl.o
 .group         0x00000000        0x8 C:\VScodeworkspace\04_SchedulerBase\04_SchedulerBase\WinIdeaProject\Debug\Led_Ctrl.o
 .group         0x00000000        0x8 C:\VScodeworkspace\04_SchedulerBase\04_SchedulerBase\WinIdeaProject\Debug\Led_Ctrl.o
 .group         0x00000000        0x8 C:\VScodeworkspace\04_SchedulerBase\04_SchedulerBase\WinIdeaProject\Debug\Led_Ctrl.o
 .group         0x00000000        0x8 C:\VScodeworkspace\04_SchedulerBase\04_SchedulerBase\WinIdeaProject\Debug\Led_Ctrl.o
 .group         0x00000000        0x8 C:\VScodeworkspace\04_SchedulerBase\04_SchedulerBase\WinIdeaProject\Debug\Led_Ctrl.o
 .group         0x00000000        0x8 C:\VScodeworkspace\04_SchedulerBase\04_SchedulerBase\WinIdeaProject\Debug\Led_Ctrl.o
 .group         0x00000000        0x8 C:\VScodeworkspace\04_SchedulerBase\04_SchedulerBase\WinIdeaProject\Debug\Led_Ctrl.o
 .group         0x00000000        0x8 C:\VScodeworkspace\04_SchedulerBase\04_SchedulerBase\WinIdeaProject\Debug\Led_Ctrl.o
 .group         0x00000000        0x8 C:\VScodeworkspace\04_SchedulerBase\04_SchedulerBase\WinIdeaProject\Debug\Led_Ctrl.o
 .group         0x00000000        0x8 C:\VScodeworkspace\04_SchedulerBase\04_SchedulerBase\WinIdeaProject\Debug\Led_Ctrl.o
 .data          0x00000000        0x0 C:\VScodeworkspace\04_SchedulerBase\04_SchedulerBase\WinIdeaProject\Debug\Led_Ctrl.o
 .debug_macro   0x00000000       0x22 C:\VScodeworkspace\04_SchedulerBase\04_SchedulerBase\WinIdeaProject\Debug\Led_Ctrl.o
 .debug_macro   0x00000000       0x58 C:\VScodeworkspace\04_SchedulerBase\04_SchedulerBase\WinIdeaProject\Debug\Led_Ctrl.o
 .debug_macro   0x00000000       0x22 C:\VScodeworkspace\04_SchedulerBase\04_SchedulerBase\WinIdeaProject\Debug\Led_Ctrl.o
 .debug_macro   0x00000000       0x35 C:\VScodeworkspace\04_SchedulerBase\04_SchedulerBase\WinIdeaProject\Debug\Led_Ctrl.o
 .debug_macro   0x00000000       0x9c C:\VScodeworkspace\04_SchedulerBase\04_SchedulerBase\WinIdeaProject\Debug\Led_Ctrl.o
 .debug_macro   0x00000000       0x16 C:\VScodeworkspace\04_SchedulerBase\04_SchedulerBase\WinIdeaProject\Debug\Led_Ctrl.o
 .debug_macro   0x00000000       0x4a C:\VScodeworkspace\04_SchedulerBase\04_SchedulerBase\WinIdeaProject\Debug\Led_Ctrl.o
 .debug_macro   0x00000000       0x97 C:\VScodeworkspace\04_SchedulerBase\04_SchedulerBase\WinIdeaProject\Debug\Led_Ctrl.o
 .debug_macro   0x00000000      0x29d C:\VScodeworkspace\04_SchedulerBase\04_SchedulerBase\WinIdeaProject\Debug\Led_Ctrl.o
 .debug_macro   0x00000000       0xef C:\VScodeworkspace\04_SchedulerBase\04_SchedulerBase\WinIdeaProject\Debug\Led_Ctrl.o
 .debug_macro   0x00000000       0x10 C:\VScodeworkspace\04_SchedulerBase\04_SchedulerBase\WinIdeaProject\Debug\Led_Ctrl.o
 .debug_macro   0x00000000       0x52 C:\VScodeworkspace\04_SchedulerBase\04_SchedulerBase\WinIdeaProject\Debug\Led_Ctrl.o
 .debug_macro   0x00000000       0x16 C:\VScodeworkspace\04_SchedulerBase\04_SchedulerBase\WinIdeaProject\Debug\Led_Ctrl.o
 .debug_macro   0x00000000       0x43 C:\VScodeworkspace\04_SchedulerBase\04_SchedulerBase\WinIdeaProject\Debug\Led_Ctrl.o
 .debug_macro   0x00000000      0x180 C:\VScodeworkspace\04_SchedulerBase\04_SchedulerBase\WinIdeaProject\Debug\Led_Ctrl.o
 .debug_macro   0x00000000       0x10 C:\VScodeworkspace\04_SchedulerBase\04_SchedulerBase\WinIdeaProject\Debug\Led_Ctrl.o
 .debug_macro   0x00000000       0x22 C:\VScodeworkspace\04_SchedulerBase\04_SchedulerBase\WinIdeaProject\Debug\Led_Ctrl.o
 .debug_macro   0x00000000       0x22 C:\VScodeworkspace\04_SchedulerBase\04_SchedulerBase\WinIdeaProject\Debug\Led_Ctrl.o
 .debug_macro   0x00000000       0xbe C:\VScodeworkspace\04_SchedulerBase\04_SchedulerBase\WinIdeaProject\Debug\Led_Ctrl.o
 .debug_macro   0x00000000       0x16 C:\VScodeworkspace\04_SchedulerBase\04_SchedulerBase\WinIdeaProject\Debug\Led_Ctrl.o
 .debug_macro   0x00000000      0x166 C:\VScodeworkspace\04_SchedulerBase\04_SchedulerBase\WinIdeaProject\Debug\Led_Ctrl.o
 .debug_macro   0x00000000       0xe3 C:\VScodeworkspace\04_SchedulerBase\04_SchedulerBase\WinIdeaProject\Debug\Led_Ctrl.o
 .debug_macro   0x00000000      0x1df C:\VScodeworkspace\04_SchedulerBase\04_SchedulerBase\WinIdeaProject\Debug\Led_Ctrl.o
 .debug_macro   0x00000000      0x1f4 C:\VScodeworkspace\04_SchedulerBase\04_SchedulerBase\WinIdeaProject\Debug\Led_Ctrl.o
 .debug_macro   0x00000000       0x3b C:\VScodeworkspace\04_SchedulerBase\04_SchedulerBase\WinIdeaProject\Debug\Led_Ctrl.o
 .debug_macro   0x00000000       0x18 C:\VScodeworkspace\04_SchedulerBase\04_SchedulerBase\WinIdeaProject\Debug\Led_Ctrl.o
 .debug_macro   0x00000000       0x26 C:\VScodeworkspace\04_SchedulerBase\04_SchedulerBase\WinIdeaProject\Debug\Led_Ctrl.o
 .debug_macro   0x00000000      0xf9a C:\VScodeworkspace\04_SchedulerBase\04_SchedulerBase\WinIdeaProject\Debug\Led_Ctrl.o
 .debug_macro   0x00000000       0x3a C:\VScodeworkspace\04_SchedulerBase\04_SchedulerBase\WinIdeaProject\Debug\Led_Ctrl.o
 .debug_macro   0x00000000     0x1027 C:\VScodeworkspace\04_SchedulerBase\04_SchedulerBase\WinIdeaProject\Debug\Led_Ctrl.o
 .debug_macro   0x00000000       0x34 C:\VScodeworkspace\04_SchedulerBase\04_SchedulerBase\WinIdeaProject\Debug\Led_Ctrl.o
 .debug_macro   0x00000000     0x2bc6 C:\VScodeworkspace\04_SchedulerBase\04_SchedulerBase\WinIdeaProject\Debug\Led_Ctrl.o
 .debug_macro   0x00000000       0x91 C:\VScodeworkspace\04_SchedulerBase\04_SchedulerBase\WinIdeaProject\Debug\Led_Ctrl.o
 .debug_macro   0x00000000      0x6cb C:\VScodeworkspace\04_SchedulerBase\04_SchedulerBase\WinIdeaProject\Debug\Led_Ctrl.o
 .group         0x00000000        0x8 C:\VScodeworkspace\04_SchedulerBase\04_SchedulerBase\WinIdeaProject\Debug\Cstartup.o
 .group         0x00000000        0x8 C:\VScodeworkspace\04_SchedulerBase\04_SchedulerBase\WinIdeaProject\Debug\Cstartup.o
 .group         0x00000000        0x8 C:\VScodeworkspace\04_SchedulerBase\04_SchedulerBase\WinIdeaProject\Debug\Cstartup.o
 .group         0x00000000        0x8 C:\VScodeworkspace\04_SchedulerBase\04_SchedulerBase\WinIdeaProject\Debug\Cstartup.o
 .group         0x00000000        0x8 C:\VScodeworkspace\04_SchedulerBase\04_SchedulerBase\WinIdeaProject\Debug\Cstartup.o
 .group         0x00000000        0x8 C:\VScodeworkspace\04_SchedulerBase\04_SchedulerBase\WinIdeaProject\Debug\Cstartup.o
 .group         0x00000000        0x8 C:\VScodeworkspace\04_SchedulerBase\04_SchedulerBase\WinIdeaProject\Debug\Cstartup.o
 .group         0x00000000        0x8 C:\VScodeworkspace\04_SchedulerBase\04_SchedulerBase\WinIdeaProject\Debug\Cstartup.o
 .group         0x00000000        0x8 C:\VScodeworkspace\04_SchedulerBase\04_SchedulerBase\WinIdeaProject\Debug\Cstartup.o
 .group         0x00000000        0x8 C:\VScodeworkspace\04_SchedulerBase\04_SchedulerBase\WinIdeaProject\Debug\Cstartup.o
 .data          0x00000000        0x0 C:\VScodeworkspace\04_SchedulerBase\04_SchedulerBase\WinIdeaProject\Debug\Cstartup.o
 .bss           0x00000000        0x0 C:\VScodeworkspace\04_SchedulerBase\04_SchedulerBase\WinIdeaProject\Debug\Cstartup.o
 .debug_macro   0x00000000       0x22 C:\VScodeworkspace\04_SchedulerBase\04_SchedulerBase\WinIdeaProject\Debug\Cstartup.o
 .debug_macro   0x00000000       0x44 C:\VScodeworkspace\04_SchedulerBase\04_SchedulerBase\WinIdeaProject\Debug\Cstartup.o
 .debug_macro   0x00000000       0xe3 C:\VScodeworkspace\04_SchedulerBase\04_SchedulerBase\WinIdeaProject\Debug\Cstartup.o
 .debug_macro   0x00000000       0x22 C:\VScodeworkspace\04_SchedulerBase\04_SchedulerBase\WinIdeaProject\Debug\Cstartup.o
 .debug_macro   0x00000000      0x1df C:\VScodeworkspace\04_SchedulerBase\04_SchedulerBase\WinIdeaProject\Debug\Cstartup.o
 .debug_macro   0x00000000      0x1f4 C:\VScodeworkspace\04_SchedulerBase\04_SchedulerBase\WinIdeaProject\Debug\Cstartup.o
 .debug_macro   0x00000000       0x3b C:\VScodeworkspace\04_SchedulerBase\04_SchedulerBase\WinIdeaProject\Debug\Cstartup.o
 .debug_macro   0x00000000       0x18 C:\VScodeworkspace\04_SchedulerBase\04_SchedulerBase\WinIdeaProject\Debug\Cstartup.o
 .debug_macro   0x00000000       0x26 C:\VScodeworkspace\04_SchedulerBase\04_SchedulerBase\WinIdeaProject\Debug\Cstartup.o
 .debug_macro   0x00000000      0xf9a C:\VScodeworkspace\04_SchedulerBase\04_SchedulerBase\WinIdeaProject\Debug\Cstartup.o

Memory Configuration

Name             Origin             Length             Attributes
rom              0x00400000         0x00200000         xr
ram              0x20400000         0x00020000         xrw
*default*        0x00000000         0xffffffff

Linker script and memory map

LOAD C:\VScodeworkspace\04_SchedulerBase\04_SchedulerBase\WinIdeaProject\Debug\Main.o
LOAD C:\VScodeworkspace\04_SchedulerBase\04_SchedulerBase\WinIdeaProject\Debug\pio.o
LOAD C:\VScodeworkspace\04_SchedulerBase\04_SchedulerBase\WinIdeaProject\Debug\pmc.o
LOAD C:\VScodeworkspace\04_SchedulerBase\04_SchedulerBase\WinIdeaProject\Debug\tc.o
LOAD C:\VScodeworkspace\04_SchedulerBase\04_SchedulerBase\WinIdeaProject\Debug\SchM.o
LOAD C:\VScodeworkspace\04_SchedulerBase\04_SchedulerBase\WinIdeaProject\Debug\SchM_Tasks.o
LOAD C:\VScodeworkspace\04_SchedulerBase\04_SchedulerBase\WinIdeaProject\Debug\Led_Ctrl.o
LOAD C:\VScodeworkspace\04_SchedulerBase\04_SchedulerBase\WinIdeaProject\Debug\Cstartup.o
                0x00001000                STACK_SIZE = DEFINED (STACK_SIZE)?STACK_SIZE:0x1000
                0x00001000                HEAP_SIZE = DEFINED (HEAP_SIZE)?HEAP_SIZE:0x1000

.text           0x00400000      0xf9c
                0x00400000                . = ALIGN (0x4)
                0x00400000                _sfixed = .
 *(.vectors)
 .vectors       0x00400000      0x140 C:\VScodeworkspace\04_SchedulerBase\04_SchedulerBase\WinIdeaProject\Debug\Cstartup.o
                0x00400000                exception_table
 *(.text)
 .text          0x00400140      0x184 C:\VScodeworkspace\04_SchedulerBase\04_SchedulerBase\WinIdeaProject\Debug\Main.o
                0x004001a4                ImSR
                0x004001d8                main
 .text          0x004002c4      0x718 C:\VScodeworkspace\04_SchedulerBase\04_SchedulerBase\WinIdeaProject\Debug\pmc.o
                0x00400398                PMC_EnablePeripheral
                0x0040040c                PMC_DisablePeripheral
                0x00400480                PMC_EnableAllPeripherals
                0x004004c0                PMC_DisableAllPeripherals
                0x004004fc                PMC_IsPeriphEnabled
                0x0040053c                PMC_EnableExtOsc
                0x004005b8                PMC_DisableExtOsc
                0x004005f4                PMC_SelectExtOsc
                0x00400660                PMC_SelectExtBypassOsc
                0x004006cc                PMC_EnableIntRC4_8_12MHz
                0x00400758                PMC_DisableIntRC4_8_12MHz
                0x0040079c                PMC_SetPllaClock
                0x004007f4                PMC_SetMckSelection
                0x00400838                PMC_DisableAllClocks
                0x00400888                PMC_ConfigureMckWithPlla
                0x004008c0                PMC_EnableXT32KFME
                0x004008ec                PMC_ConfigurePCK0
                0x0040093c                PMC_ConfigurePCK1
                0x0040098c                PMC_ConfigurePCK2
 .text          0x004009dc      0x36c C:\VScodeworkspace\04_SchedulerBase\04_SchedulerBase\WinIdeaProject\Debug\SchM.o
                0x00400a74                cuenta
                0x00400a90                SchM_Callback
                0x00400b5c                SysTick_init
                0x00400b90                SchM_Start
                0x00400bbc                SchM_Scheduler
                0x00400c98                SchM_Init
                0x00400cf4                SchM_Stop
                0x00400d0c                SysTick_Handler
                0x00400d28                SchM_SchedulePoint
                0x00400d34                SchM_ActivateTask
 .text          0x00400d48       0xa4 C:\VScodeworkspace\04_SchedulerBase\04_SchedulerBase\WinIdeaProject\Debug\SchM_Tasks.o
                0x00400d48                SchM_Task_1ms
                0x00400d78                SchM_Task_2ms_A
                0x00400d90                SchM_Task_2ms_B
                0x00400da8                SchM_Task_10ms
                0x00400dc0                SchM_Task_50ms
                0x00400dd4                SchM_Task_100ms
 .text          0x00400dec      0x144 C:\VScodeworkspace\04_SchedulerBase\04_SchedulerBase\WinIdeaProject\Debug\Led_Ctrl.o
                0x00400e64                LedCtrl_Configure
                0x00400eb8                LedCtrl_BlinkingPattern
 .text          0x00400f30       0x6c C:\VScodeworkspace\04_SchedulerBase\04_SchedulerBase\WinIdeaProject\Debug\Cstartup.o
                0x00400f30                Dummy_Handler
 *(.rodata)
                0x00400f9c                . = ALIGN (0x4)
                0x00400f9c                _efixed = .

.glue_7         0x00400f9c        0x0
 .glue_7        0x00000000        0x0 linker stubs

.glue_7t        0x00400f9c        0x0
 .glue_7t       0x00000000        0x0 linker stubs

.vfp11_veneer   0x00400f9c        0x0
 .vfp11_veneer  0x00000000        0x0 linker stubs

.v4_bx          0x00400f9c        0x0
 .v4_bx         0x00000000        0x0 linker stubs

.iplt           0x00400f9c        0x0
 .iplt          0x00000000        0x0 C:\VScodeworkspace\04_SchedulerBase\04_SchedulerBase\WinIdeaProject\Debug\Main.o

.igot.plt       0x00400f9c        0x0
 .igot.plt      0x00000000        0x0 C:\VScodeworkspace\04_SchedulerBase\04_SchedulerBase\WinIdeaProject\Debug\Main.o

.rel.dyn        0x00400f9c        0x0
 .rel.iplt      0x00000000        0x0 C:\VScodeworkspace\04_SchedulerBase\04_SchedulerBase\WinIdeaProject\Debug\Main.o
                0x00400f9c                . = ALIGN (0x4)
                0x00400f9c                _etext = .

.relocate       0x20400000        0x0 load address 0x00400f9c
                0x20400000                . = ALIGN (0x4)
                0x20400000                _srelocate = .
 *(.ramfunc .ramfunc.*)
 *(.data .data.*)
                0x20400000                . = ALIGN (0x4)
                0x20400000                _erelocate = .

.bss            0x20400000       0x24
                0x20400000                . = ALIGN (0x4)
                0x20400000                _sbss = .
                0x20400000                _szero = .
 *(.bss .bss.*)
 .bss           0x20400000        0x4 C:\VScodeworkspace\04_SchedulerBase\04_SchedulerBase\WinIdeaProject\Debug\Main.o
                0x20400000                ISR_COUNTER
 .bss           0x20400004        0x8 C:\VScodeworkspace\04_SchedulerBase\04_SchedulerBase\WinIdeaProject\Debug\SchM.o
                0x20400004                pfctnSysTick
                0x20400008                contador
 .bss           0x2040000c        0x4 C:\VScodeworkspace\04_SchedulerBase\04_SchedulerBase\WinIdeaProject\Debug\SchM_Tasks.o
                0x2040000c                contadortiempo
 .bss           0x20400010        0x1 C:\VScodeworkspace\04_SchedulerBase\04_SchedulerBase\WinIdeaProject\Debug\Led_Ctrl.o
 *(COMMON)
 *fill*         0x20400011        0x3 
 COMMON         0x20400014        0x8 C:\VScodeworkspace\04_SchedulerBase\04_SchedulerBase\WinIdeaProject\Debug\Main.o
                0x20400014                Dummy
                0x20400018                Register
 COMMON         0x2040001c        0x8 C:\VScodeworkspace\04_SchedulerBase\04_SchedulerBase\WinIdeaProject\Debug\SchM.o
                0x2040001c                SchM_Task_ID_Backup
                0x2040001d                SchM_Task_ID_Activated
                0x2040001e                SchM_Counter
                0x2040001f                SchM_10ms_Counter
                0x20400020                SchM_Status
                0x20400021                SchM_Task_ID_Running
                0x20400022                SchM_50ms_Counter
                0x20400023                SchM_100ms_Counter
                0x20400024                . = ALIGN (0x4)
                0x20400024                _ebss = .
                0x20400024                _ezero = .

.stack          0x20400024     0x1004
                0x20400028                . = ALIGN (0x8)
 *fill*         0x20400024        0x4 
                0x20400028                _sstack = .
                0x20401028                . = (. + STACK_SIZE)
 *fill*         0x20400028     0x1000 
                0x20401028                . = ALIGN (0x8)
                0x20401028                _estack = .

.heap           0x20401028     0x1000
                0x20401028                . = ALIGN (0x8)
                0x20401028                _sheap = .
                0x20402028                . = (. + HEAP_SIZE)
 *fill*         0x20401028     0x1000 
                0x20402028                . = ALIGN (0x8)
                0x20402028                _eheap = .
                0x20402028                . = ALIGN (0x4)
                0x20402028                _end = .
                0x2041ffff                _ram_end_ = ((ORIGIN (ram) + 0x20000) - 0x1)
LOAD c:/isystem/winidea9/gcc/arm/bin/../lib/gcc/arm-none-eabi/4.9.3/../../../../arm-none-eabi/lib/cortex-m7\libc.a
LOAD c:/isystem/winidea9/gcc/arm/bin/../lib/gcc/arm-none-eabi/4.9.3/cortex-m7\libgcc.a
LOAD c:/isystem/winidea9/gcc/arm/bin/../lib/gcc/arm-none-eabi/4.9.3/../../../../arm-none-eabi/lib/cortex-m7\libm.a
OUTPUT(03_Timers_Solved.elf elf32-littlearm)

.debug_info     0x00000000     0x2245
 .debug_info    0x00000000      0x54b C:\VScodeworkspace\04_SchedulerBase\04_SchedulerBase\WinIdeaProject\Debug\Main.o
 .debug_info    0x0000054b      0x6b8 C:\VScodeworkspace\04_SchedulerBase\04_SchedulerBase\WinIdeaProject\Debug\pmc.o
 .debug_info    0x00000c03      0x9c1 C:\VScodeworkspace\04_SchedulerBase\04_SchedulerBase\WinIdeaProject\Debug\SchM.o
 .debug_info    0x000015c4      0x137 C:\VScodeworkspace\04_SchedulerBase\04_SchedulerBase\WinIdeaProject\Debug\SchM_Tasks.o
 .debug_info    0x000016fb      0x60e C:\VScodeworkspace\04_SchedulerBase\04_SchedulerBase\WinIdeaProject\Debug\Led_Ctrl.o
 .debug_info    0x00001d09      0x53c C:\VScodeworkspace\04_SchedulerBase\04_SchedulerBase\WinIdeaProject\Debug\Cstartup.o

.debug_abbrev   0x00000000      0x85e
 .debug_abbrev  0x00000000      0x19e C:\VScodeworkspace\04_SchedulerBase\04_SchedulerBase\WinIdeaProject\Debug\Main.o
 .debug_abbrev  0x0000019e      0x1bb C:\VScodeworkspace\04_SchedulerBase\04_SchedulerBase\WinIdeaProject\Debug\pmc.o
 .debug_abbrev  0x00000359      0x240 C:\VScodeworkspace\04_SchedulerBase\04_SchedulerBase\WinIdeaProject\Debug\SchM.o
 .debug_abbrev  0x00000599       0xc5 C:\VScodeworkspace\04_SchedulerBase\04_SchedulerBase\WinIdeaProject\Debug\SchM_Tasks.o
 .debug_abbrev  0x0000065e      0x10b C:\VScodeworkspace\04_SchedulerBase\04_SchedulerBase\WinIdeaProject\Debug\Led_Ctrl.o
 .debug_abbrev  0x00000769       0xf5 C:\VScodeworkspace\04_SchedulerBase\04_SchedulerBase\WinIdeaProject\Debug\Cstartup.o

.debug_aranges  0x00000000       0xc0
 .debug_aranges
                0x00000000       0x20 C:\VScodeworkspace\04_SchedulerBase\04_SchedulerBase\WinIdeaProject\Debug\Main.o
 .debug_aranges
                0x00000020       0x20 C:\VScodeworkspace\04_SchedulerBase\04_SchedulerBase\WinIdeaProject\Debug\pmc.o
 .debug_aranges
                0x00000040       0x20 C:\VScodeworkspace\04_SchedulerBase\04_SchedulerBase\WinIdeaProject\Debug\SchM.o
 .debug_aranges
                0x00000060       0x20 C:\VScodeworkspace\04_SchedulerBase\04_SchedulerBase\WinIdeaProject\Debug\SchM_Tasks.o
 .debug_aranges
                0x00000080       0x20 C:\VScodeworkspace\04_SchedulerBase\04_SchedulerBase\WinIdeaProject\Debug\Led_Ctrl.o
 .debug_aranges
                0x000000a0       0x20 C:\VScodeworkspace\04_SchedulerBase\04_SchedulerBase\WinIdeaProject\Debug\Cstartup.o

.debug_macro    0x00000000     0x8289
 .debug_macro   0x00000000      0xb1c C:\VScodeworkspace\04_SchedulerBase\04_SchedulerBase\WinIdeaProject\Debug\Main.o
 .debug_macro   0x00000b1c      0x1f4 C:\VScodeworkspace\04_SchedulerBase\04_SchedulerBase\WinIdeaProject\Debug\Main.o
 .debug_macro   0x00000d10       0x22 C:\VScodeworkspace\04_SchedulerBase\04_SchedulerBase\WinIdeaProject\Debug\Main.o
 .debug_macro   0x00000d32       0x58 C:\VScodeworkspace\04_SchedulerBase\04_SchedulerBase\WinIdeaProject\Debug\Main.o
 .debug_macro   0x00000d8a       0x22 C:\VScodeworkspace\04_SchedulerBase\04_SchedulerBase\WinIdeaProject\Debug\Main.o
 .debug_macro   0x00000dac       0x35 C:\VScodeworkspace\04_SchedulerBase\04_SchedulerBase\WinIdeaProject\Debug\Main.o
 .debug_macro   0x00000de1       0x9c C:\VScodeworkspace\04_SchedulerBase\04_SchedulerBase\WinIdeaProject\Debug\Main.o
 .debug_macro   0x00000e7d       0x16 C:\VScodeworkspace\04_SchedulerBase\04_SchedulerBase\WinIdeaProject\Debug\Main.o
 .debug_macro   0x00000e93       0x4a C:\VScodeworkspace\04_SchedulerBase\04_SchedulerBase\WinIdeaProject\Debug\Main.o
 .debug_macro   0x00000edd       0x97 C:\VScodeworkspace\04_SchedulerBase\04_SchedulerBase\WinIdeaProject\Debug\Main.o
 .debug_macro   0x00000f74      0x29d C:\VScodeworkspace\04_SchedulerBase\04_SchedulerBase\WinIdeaProject\Debug\Main.o
 .debug_macro   0x00001211       0xef C:\VScodeworkspace\04_SchedulerBase\04_SchedulerBase\WinIdeaProject\Debug\Main.o
 .debug_macro   0x00001300       0x10 C:\VScodeworkspace\04_SchedulerBase\04_SchedulerBase\WinIdeaProject\Debug\Main.o
 .debug_macro   0x00001310       0x52 C:\VScodeworkspace\04_SchedulerBase\04_SchedulerBase\WinIdeaProject\Debug\Main.o
 .debug_macro   0x00001362       0x16 C:\VScodeworkspace\04_SchedulerBase\04_SchedulerBase\WinIdeaProject\Debug\Main.o
 .debug_macro   0x00001378       0x43 C:\VScodeworkspace\04_SchedulerBase\04_SchedulerBase\WinIdeaProject\Debug\Main.o
 .debug_macro   0x000013bb      0x180 C:\VScodeworkspace\04_SchedulerBase\04_SchedulerBase\WinIdeaProject\Debug\Main.o
 .debug_macro   0x0000153b       0x10 C:\VScodeworkspace\04_SchedulerBase\04_SchedulerBase\WinIdeaProject\Debug\Main.o
 .debug_macro   0x0000154b       0x22 C:\VScodeworkspace\04_SchedulerBase\04_SchedulerBase\WinIdeaProject\Debug\Main.o
 .debug_macro   0x0000156d       0x22 C:\VScodeworkspace\04_SchedulerBase\04_SchedulerBase\WinIdeaProject\Debug\Main.o
 .debug_macro   0x0000158f       0xbe C:\VScodeworkspace\04_SchedulerBase\04_SchedulerBase\WinIdeaProject\Debug\Main.o
 .debug_macro   0x0000164d       0x16 C:\VScodeworkspace\04_SchedulerBase\04_SchedulerBase\WinIdeaProject\Debug\Main.o
 .debug_macro   0x00001663      0x166 C:\VScodeworkspace\04_SchedulerBase\04_SchedulerBase\WinIdeaProject\Debug\Main.o
 .debug_macro   0x000017c9       0xe3 C:\VScodeworkspace\04_SchedulerBase\04_SchedulerBase\WinIdeaProject\Debug\Main.o
 .debug_macro   0x000018ac      0x1df C:\VScodeworkspace\04_SchedulerBase\04_SchedulerBase\WinIdeaProject\Debug\Main.o
 .debug_macro   0x00001a8b       0x3b C:\VScodeworkspace\04_SchedulerBase\04_SchedulerBase\WinIdeaProject\Debug\Main.o
 .debug_macro   0x00001ac6       0x18 C:\VScodeworkspace\04_SchedulerBase\04_SchedulerBase\WinIdeaProject\Debug\Main.o
 .debug_macro   0x00001ade       0x26 C:\VScodeworkspace\04_SchedulerBase\04_SchedulerBase\WinIdeaProject\Debug\Main.o
 .debug_macro   0x00001b04      0xf9a C:\VScodeworkspace\04_SchedulerBase\04_SchedulerBase\WinIdeaProject\Debug\Main.o
 .debug_macro   0x00002a9e       0x3a C:\VScodeworkspace\04_SchedulerBase\04_SchedulerBase\WinIdeaProject\Debug\Main.o
 .debug_macro   0x00002ad8      0x9e1 C:\VScodeworkspace\04_SchedulerBase\04_SchedulerBase\WinIdeaProject\Debug\pmc.o
 .debug_macro   0x000034b9     0x1027 C:\VScodeworkspace\04_SchedulerBase\04_SchedulerBase\WinIdeaProject\Debug\pmc.o
 .debug_macro   0x000044e0       0x34 C:\VScodeworkspace\04_SchedulerBase\04_SchedulerBase\WinIdeaProject\Debug\pmc.o
 .debug_macro   0x00004514      0xb34 C:\VScodeworkspace\04_SchedulerBase\04_SchedulerBase\WinIdeaProject\Debug\SchM.o
 .debug_macro   0x00005048      0x1f4 C:\VScodeworkspace\04_SchedulerBase\04_SchedulerBase\WinIdeaProject\Debug\SchM.o
 .debug_macro   0x0000523c      0xafa C:\VScodeworkspace\04_SchedulerBase\04_SchedulerBase\WinIdeaProject\Debug\SchM_Tasks.o
 .debug_macro   0x00005d36      0xb48 C:\VScodeworkspace\04_SchedulerBase\04_SchedulerBase\WinIdeaProject\Debug\Led_Ctrl.o
 .debug_macro   0x0000687e     0x1028 C:\VScodeworkspace\04_SchedulerBase\04_SchedulerBase\WinIdeaProject\Debug\Led_Ctrl.o
 .debug_macro   0x000078a6      0x9e3 C:\VScodeworkspace\04_SchedulerBase\04_SchedulerBase\WinIdeaProject\Debug\Cstartup.o

.debug_line     0x00000000     0x1680
 .debug_line    0x00000000      0x44c C:\VScodeworkspace\04_SchedulerBase\04_SchedulerBase\WinIdeaProject\Debug\Main.o
 .debug_line    0x0000044c      0x3b8 C:\VScodeworkspace\04_SchedulerBase\04_SchedulerBase\WinIdeaProject\Debug\pmc.o
 .debug_line    0x00000804      0x432 C:\VScodeworkspace\04_SchedulerBase\04_SchedulerBase\WinIdeaProject\Debug\SchM.o
 .debug_line    0x00000c36      0x3e5 C:\VScodeworkspace\04_SchedulerBase\04_SchedulerBase\WinIdeaProject\Debug\SchM_Tasks.o
 .debug_line    0x0000101b      0x447 C:\VScodeworkspace\04_SchedulerBase\04_SchedulerBase\WinIdeaProject\Debug\Led_Ctrl.o
 .debug_line    0x00001462      0x21e C:\VScodeworkspace\04_SchedulerBase\04_SchedulerBase\WinIdeaProject\Debug\Cstartup.o

.debug_str      0x00000000    0x22d80
 .debug_str     0x00000000     0xc80b C:\VScodeworkspace\04_SchedulerBase\04_SchedulerBase\WinIdeaProject\Debug\Main.o
                               0xca16 (size before relaxing)
 .debug_str     0x0000c80b     0x50da C:\VScodeworkspace\04_SchedulerBase\04_SchedulerBase\WinIdeaProject\Debug\pmc.o
                               0x81de (size before relaxing)
 .debug_str     0x000118e5      0x468 C:\VScodeworkspace\04_SchedulerBase\04_SchedulerBase\WinIdeaProject\Debug\SchM.o
                               0xcd3d (size before relaxing)
 .debug_str     0x00011d4d       0xba C:\VScodeworkspace\04_SchedulerBase\04_SchedulerBase\WinIdeaProject\Debug\SchM_Tasks.o
                               0xc59f (size before relaxing)
 .debug_str     0x00011e07    0x1098d C:\VScodeworkspace\04_SchedulerBase\04_SchedulerBase\WinIdeaProject\Debug\Led_Ctrl.o
                              0x21b0e (size before relaxing)
 .debug_str     0x00022794      0x5ec C:\VScodeworkspace\04_SchedulerBase\04_SchedulerBase\WinIdeaProject\Debug\Cstartup.o
                               0x9a81 (size before relaxing)

.comment        0x00000000       0x70
 .comment       0x00000000       0x70 C:\VScodeworkspace\04_SchedulerBase\04_SchedulerBase\WinIdeaProject\Debug\Main.o
                                 0x71 (size before relaxing)
 .comment       0x00000000       0x71 C:\VScodeworkspace\04_SchedulerBase\04_SchedulerBase\WinIdeaProject\Debug\pmc.o
 .comment       0x00000000       0x71 C:\VScodeworkspace\04_SchedulerBase\04_SchedulerBase\WinIdeaProject\Debug\SchM.o
 .comment       0x00000000       0x71 C:\VScodeworkspace\04_SchedulerBase\04_SchedulerBase\WinIdeaProject\Debug\SchM_Tasks.o
 .comment       0x00000000       0x71 C:\VScodeworkspace\04_SchedulerBase\04_SchedulerBase\WinIdeaProject\Debug\Led_Ctrl.o
 .comment       0x00000000       0x71 C:\VScodeworkspace\04_SchedulerBase\04_SchedulerBase\WinIdeaProject\Debug\Cstartup.o

.ARM.attributes
                0x00000000       0x37
 .ARM.attributes
                0x00000000       0x37 C:\VScodeworkspace\04_SchedulerBase\04_SchedulerBase\WinIdeaProject\Debug\Main.o
 .ARM.attributes
                0x00000037       0x37 C:\VScodeworkspace\04_SchedulerBase\04_SchedulerBase\WinIdeaProject\Debug\pmc.o
 .ARM.attributes
                0x0000006e       0x37 C:\VScodeworkspace\04_SchedulerBase\04_SchedulerBase\WinIdeaProject\Debug\SchM.o
 .ARM.attributes
                0x000000a5       0x37 C:\VScodeworkspace\04_SchedulerBase\04_SchedulerBase\WinIdeaProject\Debug\SchM_Tasks.o
 .ARM.attributes
                0x000000dc       0x37 C:\VScodeworkspace\04_SchedulerBase\04_SchedulerBase\WinIdeaProject\Debug\Led_Ctrl.o
 .ARM.attributes
                0x00000113       0x37 C:\VScodeworkspace\04_SchedulerBase\04_SchedulerBase\WinIdeaProject\Debug\Cstartup.o

.debug_frame    0x00000000      0x75c
 .debug_frame   0x00000000       0xa8 C:\VScodeworkspace\04_SchedulerBase\04_SchedulerBase\WinIdeaProject\Debug\Main.o
 .debug_frame   0x000000a8      0x368 C:\VScodeworkspace\04_SchedulerBase\04_SchedulerBase\WinIdeaProject\Debug\pmc.o
 .debug_frame   0x00000410      0x198 C:\VScodeworkspace\04_SchedulerBase\04_SchedulerBase\WinIdeaProject\Debug\SchM.o
 .debug_frame   0x000005a8       0xd4 C:\VScodeworkspace\04_SchedulerBase\04_SchedulerBase\WinIdeaProject\Debug\SchM_Tasks.o
 .debug_frame   0x0000067c       0x98 C:\VScodeworkspace\04_SchedulerBase\04_SchedulerBase\WinIdeaProject\Debug\Led_Ctrl.o
 .debug_frame   0x00000714       0x48 C:\VScodeworkspace\04_SchedulerBase\04_SchedulerBase\WinIdeaProject\Debug\Cstartup.o
