
Allocating common symbols
Common symbol       size              file

Register            0x4               D:\Proyectos\ITESO\2021\03_Timers_Solved\WinIdeaProject\Debug\Main.o

Discarded input sections

 .group         0x00000000        0x8 D:\Proyectos\ITESO\2021\03_Timers_Solved\WinIdeaProject\Debug\Main.o
 .group         0x00000000        0x8 D:\Proyectos\ITESO\2021\03_Timers_Solved\WinIdeaProject\Debug\Main.o
 .group         0x00000000        0x8 D:\Proyectos\ITESO\2021\03_Timers_Solved\WinIdeaProject\Debug\Main.o
 .group         0x00000000        0x8 D:\Proyectos\ITESO\2021\03_Timers_Solved\WinIdeaProject\Debug\Main.o
 .group         0x00000000        0x8 D:\Proyectos\ITESO\2021\03_Timers_Solved\WinIdeaProject\Debug\Main.o
 .group         0x00000000        0x8 D:\Proyectos\ITESO\2021\03_Timers_Solved\WinIdeaProject\Debug\Main.o
 .group         0x00000000        0x8 D:\Proyectos\ITESO\2021\03_Timers_Solved\WinIdeaProject\Debug\Main.o
 .group         0x00000000        0x8 D:\Proyectos\ITESO\2021\03_Timers_Solved\WinIdeaProject\Debug\Main.o
 .group         0x00000000        0x8 D:\Proyectos\ITESO\2021\03_Timers_Solved\WinIdeaProject\Debug\Main.o
 .group         0x00000000        0x8 D:\Proyectos\ITESO\2021\03_Timers_Solved\WinIdeaProject\Debug\Main.o
 .data          0x00000000        0x0 D:\Proyectos\ITESO\2021\03_Timers_Solved\WinIdeaProject\Debug\Main.o
 COMMON         0x00000000        0x4 D:\Proyectos\ITESO\2021\03_Timers_Solved\WinIdeaProject\Debug\Main.o
 .group         0x00000000        0x8 D:\Proyectos\ITESO\2021\03_Timers_Solved\WinIdeaProject\Debug\Cstartup.o
 .group         0x00000000        0x8 D:\Proyectos\ITESO\2021\03_Timers_Solved\WinIdeaProject\Debug\Cstartup.o
 .group         0x00000000        0x8 D:\Proyectos\ITESO\2021\03_Timers_Solved\WinIdeaProject\Debug\Cstartup.o
 .group         0x00000000        0x8 D:\Proyectos\ITESO\2021\03_Timers_Solved\WinIdeaProject\Debug\Cstartup.o
 .group         0x00000000        0x8 D:\Proyectos\ITESO\2021\03_Timers_Solved\WinIdeaProject\Debug\Cstartup.o
 .group         0x00000000        0x8 D:\Proyectos\ITESO\2021\03_Timers_Solved\WinIdeaProject\Debug\Cstartup.o
 .group         0x00000000        0x8 D:\Proyectos\ITESO\2021\03_Timers_Solved\WinIdeaProject\Debug\Cstartup.o
 .group         0x00000000        0x8 D:\Proyectos\ITESO\2021\03_Timers_Solved\WinIdeaProject\Debug\Cstartup.o
 .group         0x00000000        0x8 D:\Proyectos\ITESO\2021\03_Timers_Solved\WinIdeaProject\Debug\Cstartup.o
 .group         0x00000000        0x8 D:\Proyectos\ITESO\2021\03_Timers_Solved\WinIdeaProject\Debug\Cstartup.o
 .data          0x00000000        0x0 D:\Proyectos\ITESO\2021\03_Timers_Solved\WinIdeaProject\Debug\Cstartup.o
 .bss           0x00000000        0x0 D:\Proyectos\ITESO\2021\03_Timers_Solved\WinIdeaProject\Debug\Cstartup.o
 .debug_macro   0x00000000       0x22 D:\Proyectos\ITESO\2021\03_Timers_Solved\WinIdeaProject\Debug\Cstartup.o
 .debug_macro   0x00000000       0x44 D:\Proyectos\ITESO\2021\03_Timers_Solved\WinIdeaProject\Debug\Cstartup.o
 .debug_macro   0x00000000       0xe3 D:\Proyectos\ITESO\2021\03_Timers_Solved\WinIdeaProject\Debug\Cstartup.o
 .debug_macro   0x00000000       0x22 D:\Proyectos\ITESO\2021\03_Timers_Solved\WinIdeaProject\Debug\Cstartup.o
 .debug_macro   0x00000000      0x1df D:\Proyectos\ITESO\2021\03_Timers_Solved\WinIdeaProject\Debug\Cstartup.o
 .debug_macro   0x00000000       0x50 D:\Proyectos\ITESO\2021\03_Timers_Solved\WinIdeaProject\Debug\Cstartup.o
 .debug_macro   0x00000000       0x3b D:\Proyectos\ITESO\2021\03_Timers_Solved\WinIdeaProject\Debug\Cstartup.o
 .debug_macro   0x00000000       0x18 D:\Proyectos\ITESO\2021\03_Timers_Solved\WinIdeaProject\Debug\Cstartup.o
 .debug_macro   0x00000000       0x26 D:\Proyectos\ITESO\2021\03_Timers_Solved\WinIdeaProject\Debug\Cstartup.o
 .debug_macro   0x00000000      0xf9a D:\Proyectos\ITESO\2021\03_Timers_Solved\WinIdeaProject\Debug\Cstartup.o

Memory Configuration

Name             Origin             Length             Attributes
rom              0x00400000         0x00200000         xr
ram              0x20400000         0x00020000         xrw
*default*        0x00000000         0xffffffff

Linker script and memory map

LOAD D:\Proyectos\ITESO\2021\03_Timers_Solved\WinIdeaProject\Debug\Main.o
LOAD D:\Proyectos\ITESO\2021\03_Timers_Solved\WinIdeaProject\Debug\Cstartup.o
                0x00001000                STACK_SIZE = DEFINED (STACK_SIZE)?STACK_SIZE:0x1000
                0x00001000                HEAP_SIZE = DEFINED (HEAP_SIZE)?HEAP_SIZE:0x1000

.text           0x00400000      0x35c
                0x00400000                . = ALIGN (0x4)
                0x00400000                _sfixed = .
 *(.vectors)
 .vectors       0x00400000      0x140 D:\Proyectos\ITESO\2021\03_Timers_Solved\WinIdeaProject\Debug\Cstartup.o
                0x00400000                exception_table
 *(.text)
 .text          0x00400140      0x1b0 D:\Proyectos\ITESO\2021\03_Timers_Solved\WinIdeaProject\Debug\Main.o
                0x00400260                main
                0x00400288                Systick_Handler
 .text          0x004002f0       0x6c D:\Proyectos\ITESO\2021\03_Timers_Solved\WinIdeaProject\Debug\Cstartup.o
                0x004002f0                Dummy_Handler
 *(.rodata)
                0x0040035c                . = ALIGN (0x4)
                0x0040035c                _efixed = .

.glue_7         0x0040035c        0x0
 .glue_7        0x00000000        0x0 linker stubs

.glue_7t        0x0040035c        0x0
 .glue_7t       0x00000000        0x0 linker stubs

.vfp11_veneer   0x0040035c        0x0
 .vfp11_veneer  0x00000000        0x0 linker stubs

.v4_bx          0x0040035c        0x0
 .v4_bx         0x00000000        0x0 linker stubs

.iplt           0x0040035c        0x0
 .iplt          0x00000000        0x0 D:\Proyectos\ITESO\2021\03_Timers_Solved\WinIdeaProject\Debug\Main.o

.igot.plt       0x0040035c        0x0
 .igot.plt      0x00000000        0x0 D:\Proyectos\ITESO\2021\03_Timers_Solved\WinIdeaProject\Debug\Main.o

.rel.dyn        0x0040035c        0x0
 .rel.iplt      0x00000000        0x0 D:\Proyectos\ITESO\2021\03_Timers_Solved\WinIdeaProject\Debug\Main.o
                0x0040035c                . = ALIGN (0x4)
                0x0040035c                _etext = .

.relocate       0x20400000        0x0 load address 0x0040035c
                0x20400000                . = ALIGN (0x4)
                0x20400000                _srelocate = .
 *(.ramfunc .ramfunc.*)
 *(.data .data.*)
                0x20400000                . = ALIGN (0x4)
                0x20400000                _erelocate = .

.bss            0x20400000        0x4
                0x20400000                . = ALIGN (0x4)
                0x20400000                _sbss = .
                0x20400000                _szero = .
 *(.bss .bss.*)
 .bss           0x20400000        0x4 D:\Proyectos\ITESO\2021\03_Timers_Solved\WinIdeaProject\Debug\Main.o
 *(COMMON)
                0x20400004                . = ALIGN (0x4)
                0x20400004                _ebss = .
                0x20400004                _ezero = .

.stack          0x20400004     0x1004
                0x20400008                . = ALIGN (0x8)
 *fill*         0x20400004        0x4 
                0x20400008                _sstack = .
                0x20401008                . = (. + STACK_SIZE)
 *fill*         0x20400008     0x1000 
                0x20401008                . = ALIGN (0x8)
                0x20401008                _estack = .

.heap           0x20401008     0x1000
                0x20401008                . = ALIGN (0x8)
                0x20401008                _sheap = .
                0x20402008                . = (. + HEAP_SIZE)
 *fill*         0x20401008     0x1000 
                0x20402008                . = ALIGN (0x8)
                0x20402008                _eheap = .
                0x20402008                . = ALIGN (0x4)
                0x20402008                _end = .
                0x2041ffff                _ram_end_ = ((ORIGIN (ram) + 0x20000) - 0x1)
LOAD c:/isystem/winidea9/gcc/arm/bin/../lib/gcc/arm-none-eabi/4.9.3/../../../../arm-none-eabi/lib/cortex-m7\libc.a
LOAD c:/isystem/winidea9/gcc/arm/bin/../lib/gcc/arm-none-eabi/4.9.3/cortex-m7\libgcc.a
LOAD c:/isystem/winidea9/gcc/arm/bin/../lib/gcc/arm-none-eabi/4.9.3/../../../../arm-none-eabi/lib/cortex-m7\libm.a
OUTPUT(FirstProject.elf elf32-littlearm)

.debug_info     0x00000000      0xd84
 .debug_info    0x00000000      0x848 D:\Proyectos\ITESO\2021\03_Timers_Solved\WinIdeaProject\Debug\Main.o
 .debug_info    0x00000848      0x53c D:\Proyectos\ITESO\2021\03_Timers_Solved\WinIdeaProject\Debug\Cstartup.o

.debug_abbrev   0x00000000      0x2b4
 .debug_abbrev  0x00000000      0x1bf D:\Proyectos\ITESO\2021\03_Timers_Solved\WinIdeaProject\Debug\Main.o
 .debug_abbrev  0x000001bf       0xf5 D:\Proyectos\ITESO\2021\03_Timers_Solved\WinIdeaProject\Debug\Cstartup.o

.debug_aranges  0x00000000       0x40
 .debug_aranges
                0x00000000       0x20 D:\Proyectos\ITESO\2021\03_Timers_Solved\WinIdeaProject\Debug\Main.o
 .debug_aranges
                0x00000020       0x20 D:\Proyectos\ITESO\2021\03_Timers_Solved\WinIdeaProject\Debug\Cstartup.o

.debug_macro    0x00000000     0x279e
 .debug_macro   0x00000000      0xa0e D:\Proyectos\ITESO\2021\03_Timers_Solved\WinIdeaProject\Debug\Main.o
 .debug_macro   0x00000a0e       0x50 D:\Proyectos\ITESO\2021\03_Timers_Solved\WinIdeaProject\Debug\Main.o
 .debug_macro   0x00000a5e       0x3b D:\Proyectos\ITESO\2021\03_Timers_Solved\WinIdeaProject\Debug\Main.o
 .debug_macro   0x00000a99       0x22 D:\Proyectos\ITESO\2021\03_Timers_Solved\WinIdeaProject\Debug\Main.o
 .debug_macro   0x00000abb       0x44 D:\Proyectos\ITESO\2021\03_Timers_Solved\WinIdeaProject\Debug\Main.o
 .debug_macro   0x00000aff       0xe3 D:\Proyectos\ITESO\2021\03_Timers_Solved\WinIdeaProject\Debug\Main.o
 .debug_macro   0x00000be2       0x22 D:\Proyectos\ITESO\2021\03_Timers_Solved\WinIdeaProject\Debug\Main.o
 .debug_macro   0x00000c04      0x1df D:\Proyectos\ITESO\2021\03_Timers_Solved\WinIdeaProject\Debug\Main.o
 .debug_macro   0x00000de3       0x18 D:\Proyectos\ITESO\2021\03_Timers_Solved\WinIdeaProject\Debug\Main.o
 .debug_macro   0x00000dfb       0x26 D:\Proyectos\ITESO\2021\03_Timers_Solved\WinIdeaProject\Debug\Main.o
 .debug_macro   0x00000e21      0xf9a D:\Proyectos\ITESO\2021\03_Timers_Solved\WinIdeaProject\Debug\Main.o
 .debug_macro   0x00001dbb      0x9e3 D:\Proyectos\ITESO\2021\03_Timers_Solved\WinIdeaProject\Debug\Cstartup.o

.debug_line     0x00000000      0x47f
 .debug_line    0x00000000      0x26d D:\Proyectos\ITESO\2021\03_Timers_Solved\WinIdeaProject\Debug\Main.o
 .debug_line    0x0000026d      0x212 D:\Proyectos\ITESO\2021\03_Timers_Solved\WinIdeaProject\Debug\Cstartup.o

.debug_str      0x00000000     0x9c70
 .debug_str     0x00000000     0x9690 D:\Proyectos\ITESO\2021\03_Timers_Solved\WinIdeaProject\Debug\Main.o
                               0x981b (size before relaxing)
 .debug_str     0x00009690      0x5e0 D:\Proyectos\ITESO\2021\03_Timers_Solved\WinIdeaProject\Debug\Cstartup.o
                               0x975c (size before relaxing)

.comment        0x00000000       0x70
 .comment       0x00000000       0x70 D:\Proyectos\ITESO\2021\03_Timers_Solved\WinIdeaProject\Debug\Main.o
                                 0x71 (size before relaxing)
 .comment       0x00000000       0x71 D:\Proyectos\ITESO\2021\03_Timers_Solved\WinIdeaProject\Debug\Cstartup.o

.ARM.attributes
                0x00000000       0x37
 .ARM.attributes
                0x00000000       0x37 D:\Proyectos\ITESO\2021\03_Timers_Solved\WinIdeaProject\Debug\Main.o
 .ARM.attributes
                0x00000037       0x37 D:\Proyectos\ITESO\2021\03_Timers_Solved\WinIdeaProject\Debug\Cstartup.o

.debug_frame    0x00000000      0x100
 .debug_frame   0x00000000       0xb8 D:\Proyectos\ITESO\2021\03_Timers_Solved\WinIdeaProject\Debug\Main.o
 .debug_frame   0x000000b8       0x48 D:\Proyectos\ITESO\2021\03_Timers_Solved\WinIdeaProject\Debug\Cstartup.o
